ets Jul 29 2019 12:21:46

rst:0x1 (POWERON_RESET),boot:0x17 (SPI_FAST_FLASH_BOOT)
configsip: 0, SPIWP:0xee
clk_drv:0x00,q_drv:0x00,d_drv:0x00,cs0_drv:0x00,hd_drv:0x00,wp_drv:0x00
mode:DIO, clock div:2
load:0x3fff0030,len:7172
load:0x40078000,len:15620
load:0x40080400,len:4
ho 8 tail 4 room 4
load:0x40080404,len:3904
entry 0x40080640
[0;32mI (31) boot: ESP-IDF v5.2.5-dirty 2nd stage bootloader[0m
[0;32mI (31) boot: compile time May 31 2025 03:31:10[0m
[0;32mI (31) boot: Multicore bootloader[0m
[0;32mI (36) boot: chip revision: v3.1[0m
[0;32mI (40) boot.esp32: SPI Speed      : 40MHz[0m
[0;32mI (44) boot.esp32: SPI Mode       : DIO[0m
[0;32mI (49) boot.esp32: SPI Flash Size : 2MB[0m
[0;32mI (53) boot: Enabling RNG early entropy source...[0m
[0;32mI (59) boot: Partition Table:[0m
[0;32mI (62) boot: ## Label            Usage          Type ST Offset   Length[0m
[0;32mI (70) boot:  0 nvs              WiFi data        01 02 00009000 00006000[0m
[0;32mI (77) boot:  1 phy_init         RF data          01 01 0000f000 00001000[0m
[0;32mI (85) boot:  2 factory          factory app      00 00 00010000 00180000[0m
[0;32mI (92) boot: End of partition table[0m
[0;32mI (96) esp_image: segment 0: paddr=00010020 vaddr=3f400020 size=2db50h (187216) map[0m
[0;32mI (169) esp_image: segment 1: paddr=0003db78 vaddr=3ffbdb60 size=024a0h (  9376) load[0m
[0;32mI (173) esp_image: segment 2: paddr=00040020 vaddr=400d0020 size=c4554h (804180) map[0m
[0;32mI (450) esp_image: segment 3: paddr=0010457c vaddr=3ffc0000 size=03c2ch ( 15404) load[0m
[0;32mI (456) esp_image: segment 4: paddr=001081b0 vaddr=40080000 size=1df98h (122776) load[0m
[0;32mI (520) boot: Loaded app from partition at offset 0x10000[0m
[0;32mI (520) boot: Disabling RNG early entropy source...[0m
[0;32mI (531) cpu_start: Multicore app[0m
[0;32mI (540) cpu_start: Pro cpu start user code[0m
[0;32mI (541) cpu_start: cpu freq: 160000000 Hz[0m
[0;32mI (541) cpu_start: Application information:[0m
[0;32mI (544) cpu_start: Project name:     main[0m
[0;32mI (548) cpu_start: App version:      1[0m
[0;32mI (553) cpu_start: Compile time:     May 31 2025 03:31:01[0m
[0;32mI (559) cpu_start: ELF file SHA256:  e6ec36f36...[0m
[0;32mI (564) cpu_start: ESP-IDF:          v5.2.5-dirty[0m
[0;32mI (570) cpu_start: Min chip rev:     v0.0[0m
[0;32mI (574) cpu_start: Max chip rev:     v3.99 [0m
[0;32mI (579) cpu_start: Chip rev:         v3.1[0m
[0;32mI (584) heap_init: Initializing. RAM available for dynamic allocation:[0m
[0;32mI (591) heap_init: At 3FFAFF10 len 000000F0 (0 KiB): DRAM[0m
[0;32mI (597) heap_init: At 3FFB6388 len 00001C78 (7 KiB): DRAM[0m
[0;32mI (603) heap_init: At 3FFB9A20 len 00004108 (16 KiB): DRAM[0m
[0;32mI (609) heap_init: At 3FFCDC98 len 00012368 (72 KiB): DRAM[0m
[0;32mI (615) heap_init: At 3FFE0440 len 00003AE0 (14 KiB): D/IRAM[0m
[0;32mI (622) heap_init: At 3FFE4350 len 0001BCB0 (111 KiB): D/IRAM[0m
[0;32mI (628) heap_init: At 4009DF98 len 00002068 (8 KiB): IRAM[0m
[0;32mI (636) spi_flash: detected chip: generic[0m
[0;32mI (639) spi_flash: flash io: dio[0m
[0;33mW (643) spi_flash: Detected size(4096k) larger than the size in the binary image header(2048k). Using the size in the binary image header.[0m
[0;33mW (656) i2c: This driver is an old driver, please migrate your application code to adapt `driver/i2c_master.h`[0m
[0;32mI (667) coexist: coex firmware version: 994b23e[0m
[0;32mI (673) main_task: Started on CPU0[0m
[0;32mI (683) main_task: Calling app_main()[0m
[0;32mI (713) BTDM_INIT: BT controller compile version [f7360be][0m
[0;32mI (713) BTDM_INIT: Bluetooth MAC: cc:7b:5c:27:ec:d6[0m
[0;32mI (723) phy_init: phy_version 4840,02e0d70,Sep  2 2024,19:39:07[0m
[0;32mI (803) phy_init: Saving new calibration data due to checksum failure or outdated calibration data, mode(0)[0m
[0;32mI (1363) WIFI_UART: GAP event: 10[0m
[0;32mI (1373) WIFI_UART: Bluetooth ready[0m
[0;32mI (1383) SD_CARD_SPI: Mounting SD card at /data[0m
[0;32mI (1383) gpio: GPIO[5]| InputEn: 0| OutputEn: 1| OpenDrain: 0| Pullup: 0| Pulldown: 0| Intr:0 [0m
[0;32mI (1383) sdspi_transaction: cmd=52, R1 response: command not supported[0m
[0;32mI (1433) sdspi_transaction: cmd=5, R1 response: command not supported[0m
Name: SS08G
Type: SDHC/SDXC
Speed: 20.00 MHz (limit: 20.00 MHz)
Size: 7580MB
CSD: ver=2, sector_size=512, capacity=15523840 read_bl_len=9
SSR: bus_width=1
[0;32mI (1493) gpio: GPIO[0]| InputEn: 1| OutputEn: 0| OpenDrain: 0| Pullup: 1| Pulldown: 0| Intr:0 [0m
[0;32mI (1493) gpio: GPIO[15]| InputEn: 0| OutputEn: 1| OpenDrain: 0| Pullup: 0| Pulldown: 0| Intr:0 [0m
[0;32mI (1503) gpio: GPIO[22]| InputEn: 0| OutputEn: 1| OpenDrain: 0| Pullup: 0| Pulldown: 0| Intr:0 [0m
[0;32mI (1513) MPU6500: Initializating MPU6500[0m
[0;32mI (1523) INMP441_I2S: INMP441 I2S initialized (port 0)[0m
[0;32mI (1523) MAIN: Waiting for Bluetooth WiFi config...[0m
[0;32mI (1533) main_task: Returned from app_main()[0m
Guru Meditation Error: Core  0 panic'ed (InstrFetchProhibited). Exception was unhandled.

Core  0 register dump:
PC      : 0x00000004  PS      : 0x00050033  A0      : 0x00000004  A1      : 0x3ffe2440  
A2      : 0x4000bff0  A3      : 0x00060a30  A4      : 0x80092db5  A5      : 0x3ffe2510  
A6      : 0x00000000  A7      : 0x00060a23  A8      : 0x00060a20  A9      : 0x00060a23  
A10     : 0x00000056  A11     : 0x00000000  A12     : 0x3ff000dc  A13     : 0x00000001  
A14     : 0x3ffbe4a0  A15     : 0xffffffff  SAR     : 0x0000000c  EXCCAUSE: 0x00000014  
EXCVADDR: 0x00000004  LBEG    : 0x0000cdcd  LEND    : 0x00000004  LCOUNT  : 0x00000000  


Backtrace: 0x00000001:0x3ffe2440 0x00000001:0x3ffb6814 |<-CORRUPTED




ELF file SHA256: e6ec36f36

Rebooting...
ets Jul 29 2019 12:21:46

rst:0xc (SW_CPU_RESET),boot:0x17 (SPI_FAST_FLASH_BOOT)
configsip: 0, SPIWP:0xee
clk_drv:0x00,q_drv:0x00,d_drv:0x00,cs0_drv:0x00,hd_drv:0x00,wp_drv:0x00
mode:DIO, clock div:2
load:0x3fff0030,len:7172
load:0x40078000,len:15620
load:0x40080400,len:4
ho 8 tail 4 room 4
load:0x40080404,len:3904
entry 0x40080640
[0;32mI (31) boot: ESP-IDF v5.2.5-dirty 2nd stage bootloader[0m
[0;32mI (31) boot: compile time May 31 2025 03:31:10[0m
[0;32mI (31) boot: Multicore bootloader[0m
[0;32mI (36) boot: chip revision: v3.1[0m
[0;32mI (40) boot.esp32: SPI Speed      : 40MHz[0m
[0;32mI (44) boot.esp32: SPI Mode       : DIO[0m
[0;32mI (49) boot.esp32: SPI Flash Size : 2MB[0m
[0;32mI (53) boot: Enabling RNG early entropy source...[0m
[0;32mI (59) boot: Partition Table:[0m
[0;32mI (62) boot: ## Label            Usage          Type ST Offset   Length[0m
[0;32mI (70) boot:  0 nvs              WiFi data        01 02 00009000 00006000[0m
[0;32mI (77) boot:  1 phy_init         RF data          01 01 0000f000 00001000[0m
[0;32mI (84) boot:  2 factory          factory app      00 00 00010000 00180000[0m
[0;32mI (92) boot: End of partition table[0m
[0;32mI (96) esp_image: segment 0: paddr=00010020 vaddr=3f400020 size=2db50h (187216) map[0m
[0;32mI (169) esp_image: segment 1: paddr=0003db78 vaddr=3ffbdb60 size=024a0h (  9376) load[0m
[0;32mI (173) esp_image: segment 2: paddr=00040020 vaddr=400d0020 size=c4554h (804180) map[0m
[0;32mI (450) esp_image: segment 3: paddr=0010457c vaddr=3ffc0000 size=03c2ch ( 15404) load[0m
[0;32mI (456) esp_image: segment 4: paddr=001081b0 vaddr=40080000 size=1df98h (122776) load[0m
[0;32mI (520) boot: Loaded app from partition at offset 0x10000[0m
[0;32mI (520) boot: Disabling RNG early entropy source...[0m
[0;32mI (531) cpu_start: Multicore app[0m
[0;32mI (540) cpu_start: Pro cpu start user code[0m
[0;32mI (540) cpu_start: cpu freq: 160000000 Hz[0m
[0;32mI (541) cpu_start: Application information:[0m
[0;32mI (544) cpu_start: Project name:     main[0m
[0;32mI (548) cpu_start: App version:      1[0m
[0;32mI (553) cpu_start: Compile time:     May 31 2025 03:31:01[0m
[0;32mI (559) cpu_start: ELF file SHA256:  e6ec36f36...[0m
[0;32mI (564) cpu_start: ESP-IDF:          v5.2.5-dirty[0m
[0;32mI (569) cpu_start: Min chip rev:     v0.0[0m
[0;32mI (574) cpu_start: Max chip rev:     v3.99 [0m
[0;32mI (579) cpu_start: Chip rev:         v3.1[0m
[0;32mI (584) heap_init: Initializing. RAM available for dynamic allocation:[0m
[0;32mI (591) heap_init: At 3FFAFF10 len 000000F0 (0 KiB): DRAM[0m
[0;32mI (597) heap_init: At 3FFB6388 len 00001C78 (7 KiB): DRAM[0m
[0;32mI (603) heap_init: At 3FFB9A20 len 00004108 (16 KiB): DRAM[0m
[0;32mI (609) heap_init: At 3FFCDC98 len 00012368 (72 KiB): DRAM[0m
[0;32mI (615) heap_init: At 3FFE0440 len 00003AE0 (14 KiB): D/IRAM[0m
[0;32mI (622) heap_init: At 3FFE4350 len 0001BCB0 (111 KiB): D/IRAM[0m
[0;32mI (628) heap_init: At 4009DF98 len 00002068 (8 KiB): IRAM[0m
[0;32mI (636) spi_flash: detected chip: generic[0m
[0;32mI (639) spi_flash: flash io: dio[0m
[0;33mW (643) spi_flash: Detected size(4096k) larger than the size in the binary image header(2048k). Using the size in the binary image header.[0m
[0;33mW (656) i2c: This driver is an old driver, please migrate your application code to adapt `driver/i2c_master.h`[0m
[0;32mI (667) coexist: coex firmware version: 994b23e[0m
[0;32mI (673) main_task: Started on CPU0[0m
[0;32mI (683) main_task: Calling app_main()[0m
[0;32mI (713) BTDM_INIT: BT controller compile version [f7360be][0m
[0;32mI (713) BTDM_INIT: Bluetooth MAC: cc:7b:5c:27:ec:d6[0m
[0;32mI (723) phy_init: phy_version 4840,02e0d70,Sep  2 2024,19:39:07[0m
[0;32mI (1353) WIFI_UART: GAP event: 10[0m
[0;32mI (1353) WIFI_UART: Bluetooth ready[0m
[0;32mI (1363) SD_CARD_SPI: Mounting SD card at /data[0m
[0;32mI (1363) gpio: GPIO[5]| InputEn: 0| OutputEn: 1| OpenDrain: 0| Pullup: 0| Pulldown: 0| Intr:0 [0m
[0;32mI (1373) sdspi_transaction: cmd=52, R1 response: command not supported[0m
[0;32mI (1413) sdspi_transaction: cmd=5, R1 response: command not supported[0m
Name: SS08G
Type: SDHC/SDXC
Speed: 20.00 MHz (limit: 20.00 MHz)
Size: 7580MB
CSD: ver=2, sector_size=512, capacity=15523840 read_bl_len=9
SSR: bus_width=1
[0;32mI (1473) gpio: GPIO[0]| InputEn: 1| OutputEn: 0| OpenDrain: 0| Pullup: 1| Pulldown: 0| Intr:0 [0m
[0;32mI (1473) gpio: GPIO[15]| InputEn: 0| OutputEn: 1| OpenDrain: 0| Pullup: 0| Pulldown: 0| Intr:0 [0m
[0;32mI (1483) gpio: GPIO[22]| InputEn: 0| OutputEn: 1| OpenDrain: 0| Pullup: 0| Pulldown: 0| Intr:0 [0m
[0;32mI (1493) MPU6500: Initializating MPU6500[0m
[0;32mI (1503) INMP441_I2S: INMP441 I2S initialized (port 0)[0m
[0;32mI (1503) MAIN: Waiting for Bluetooth WiFi config...[0m
[0;32mI (1513) main_task: Returned from app_main()[0m
Guru Meditation Error: Core  1 panic'ed (InstrFetchProhibited). Exception was unhandled.

Core  1 register dump:
PC      : 0x00000004  PS      : 0x00050033  A0      : 0x00000004  A1      : 0x3ffe2440  
A2      : 0x4000bff0  A3      : 0x00060a30  A4      : 0x80092db5  A5      : 0x3ffe2510  
A6      : 0x00000000  A7      : 0x00060a23  A8      : 0x00060a20  A9      : 0x00060a23  
A10     : 0x00000054  A11     : 0x00000000  A12     : 0x3ff000dc  A13     : 0x00000001  
A14     : 0x3ffbe4a0  A15     : 0xffffffff  SAR     : 0x0000000c  EXCCAUSE: 0x00000014  
EXCVADDR: 0x00000004  LBEG    : 0x0000cdcd  LEND    : 0x00000004  LCOUNT  : 0x00000000  


Backtrace: 0x00000001:0x3ffe2440 0x00000001:0x3ffb6814 |<-CORRUPTED




ELF file SHA256: e6ec36f36

Rebooting...
ets Jul 29 2019 12:21:46

rst:0xc (SW_CPU_RESET),boot:0x17 (SPI_FAST_FLASH_BOOT)
configsip: 0, SPIWP:0xee
clk_drv:0x00,q_drv:0x00,d_drv:0x00,cs0_drv:0x00,hd_drv:0x00,wp_drv:0x00
mode:DIO, clock div:2
load:0x3fff0030,len:7172
load:0x40078000,len:15620
load:0x40080400,len:4
ho 8 tail 4 room 4
load:0x40080404,len:3904
entry 0x40080640
[0;32mI (31) boot: ESP-IDF v5.2.5-dirty 2nd stage bootloader[0m
[0;32mI (31) boot: compile time May 31 2025 03:31:10[0m
[0;32mI (31) boot: Multicore bootloader[0m
[0;32mI (36) boot: chip revision: v3.1[0m
[0;32mI (40) boot.esp32: SPI Speed      : 40MHz[0m
[0;32mI (44) boot.esp32: SPI Mode       : DIO[0m
[0;32mI (49) boot.esp32: SPI Flash Size : 2MB[0m
[0;32mI (53) boot: Enabling RNG early entropy source...[0m
[0;32mI (59) boot: Partition Table:[0m
[0;32mI (62) boot: ## Label            Usage          Type ST Offset   Length[0m
[0;32mI (70) boot:  0 nvs              WiFi data        01 02 00009000 00006000[0m
[0;32mI (77) boot:  1 phy_init         RF data          01 01 0000f000 00001000[0m
[0;32mI (84) boot:  2 factory          factory app      00 00 00010000 00180000[0m
[0;32mI (92) boot: End of partition table[0m
[0;32mI (96) esp_image: segment 0: paddr=00010020 vaddr=3f400020 size=2db50h (187216) map[0m
[0;32mI (169) esp_image: segment 1: paddr=0003db78 vaddr=3ffbdb60 size=024a0h (  9376) load[0m
[0;32mI (173) esp_image: segment 2: paddr=00040020 vaddr=400d0020 size=c4554h (804180) map[0m
[0;32mI (450) esp_image: segment 3: paddr=0010457c vaddr=3ffc0000 size=03c2ch ( 15404) load[0m
[0;32mI (456) esp_image: segment 4: paddr=001081b0 vaddr=40080000 size=1df98h (122776) load[0m
[0;32mI (520) boot: Loaded app from partition at offset 0x10000[0m
[0;32mI (520) boot: Disabling RNG early entropy source...[0m
[0;32mI (531) cpu_start: Multicore app[0m
[0;32mI (540) cpu_start: Pro cpu start user code[0m
[0;32mI (540) cpu_start: cpu freq: 160000000 Hz[0m
[0;32mI (540) cpu_start: Application information:[0m
[0;32mI (543) cpu_start: Project name:     main[0m
[0;32mI (548) cpu_start: App version:      1[0m
[0;32mI (553) cpu_start: Compile time:     May 31 2025 03:31:01[0m
[0;32mI (559) cpu_start: ELF file SHA256:  e6ec36f36...[0m
[0;32mI (564) cpu_start: ESP-IDF:          v5.2.5-dirty[0m
[0;32mI (569) cpu_start: Min chip rev:     v0.0[0m
[0;32mI (574) cpu_start: Max chip rev:     v3.99 [0m
[0;32mI (579) cpu_start: Chip rev:         v3.1[0m
[0;32mI (584) heap_init: Initializing. RAM available for dynamic allocation:[0m
[0;32mI (591) heap_init: At 3FFAFF10 len 000000F0 (0 KiB): DRAM[0m
[0;32mI (597) heap_init: At 3FFB6388 len 00001C78 (7 KiB): DRAM[0m
[0;32mI (603) heap_init: At 3FFB9A20 len 00004108 (16 KiB): DRAM[0m
[0;32mI (609) heap_init: At 3FFCDC98 len 00012368 (72 KiB): DRAM[0m
[0;32mI (615) heap_init: At 3FFE0440 len 00003AE0 (14 KiB): D/IRAM[0m
[0;32mI (622) heap_init: At 3FFE4350 len 0001BCB0 (111 KiB): D/IRAM[0m
[0;32mI (628) heap_init: At 4009DF98 len 00002068 (8 KiB): IRAM[0m
[0;32mI (636) spi_flash: detected chip: generic[0m
[0;32mI (639) spi_flash: flash io: dio[0m
[0;33mW (643) spi_flash: Detected size(4096k) larger than the size in the binary image header(2048k). Using the size in the binary image header.[0m
[0;33mW (656) i2c: This driver is an old driver, please migrate your application code to adapt `driver/i2c_master.h`[0m
[0;32mI (667) coexist: coex firmware version: 994b23e[0m
[0;32mI (673) main_task: Started on CPU0[0m
[0;32mI (683) main_task: Calling app_main()[0m
[0;32mI (713) BTDM_INIT: BT controller compile version [f7360be][0m
[0;32mI (713) BTDM_INIT: Bluetooth MAC: cc:7b:5c:27:ec:d6[0m
[0;32mI (723) phy_init: phy_version 4840,02e0d70,Sep  2 2024,19:39:07[0m
[0;32mI (803) phy_init: Saving new calibration data due to checksum failure or outdated calibration data, mode(0)[0m
[0;32mI (1423) WIFI_UART: GAP event: 10[0m
[0;32mI (1433) WIFI_UART: Bluetooth ready[0m
[0;32mI (1443) SD_CARD_SPI: Mounting SD card at /data[0m
[0;32mI (1443) gpio: GPIO[5]| InputEn: 0| OutputEn: 1| OpenDrain: 0| Pullup: 0| Pulldown: 0| Intr:0 [0m
[0;32mI (1443) sdspi_transaction: cmd=52, R1 response: command not supported[0m
[0;32mI (1493) sdspi_transaction: cmd=5, R1 response: command not supported[0m
Name: SS08G
Type: SDHC/SDXC
Speed: 20.00 MHz (limit: 20.00 MHz)
Size: 7580MB
CSD: ver=2, sector_size=512, capacity=15523840 read_bl_len=9
SSR: bus_width=1
[0;32mI (1553) gpio: GPIO[0]| InputEn: 1| OutputEn: 0| OpenDrain: 0| Pullup: 1| Pulldown: 0| Intr:0 [0m
[0;32mI (1553) gpio: GPIO[15]| InputEn: 0| OutputEn: 1| OpenDrain: 0| Pullup: 0| Pulldown: 0| Intr:0 [0m
[0;32mI (1563) gpio: GPIO[22]| InputEn: 0| OutputEn: 1| OpenDrain: 0| Pullup: 0| Pulldown: 0| Intr:0 [0m
[0;32mI (1573) MPU6500: Initializating MPU6500[0m
[0;32mI (1583) INMP441_I2S: INMP441 I2S initialized (port 0)[0m
[0;32mI (1583) MAIN: Waiting for Bluetooth WiFi config...[0m
[0;32mI (1593) main_task: Returned from app_main()[0m
Guru Meditation Error: Core  1 panic'ed (InstrFetchProhibited). Exception was unhandled.

Core  1 register dump:
PC      : 0x00000004  PS      : 0x00050033  A0      : 0x00000004  A1      : 0x3ffe2440  
A2      : 0x4000bff0  A3      : 0x00060a30  A4      : 0x80092db5  A5      : 0x3ffe2510  
A6      : 0x00000000  A7      : 0x00060a23  A8      : 0x00060a20  A9      : 0x00060a23  
A10     : 0x0000005c  A11     : 0x00000000  A12     : 0x3ff000dc  A13     : 0x00000001  
A14     : 0x3ffbe4a0  A15     : 0xffffffff  SAR     : 0x0000000c  EXCCAUSE: 0x00000014  
EXCVADDR: 0x00000004  LBEG    : 0x0000cdcd  LEND    : 0x00000004  LCOUNT  : 0x00000000  


Backtrace: 0x00000001:0x3ffe2440 0x00000001:0x3ffb6814 |<-CORRUPTED




ELF file SHA256: e6ec36f36

Rebooting...
ets Jul 29 2019 12:21:46

rst:0xc (SW_CPU_RESET),boot:0x17 (SPI_FAST_FLASH_BOOT)
configsip: 0, SPIWP:0xee
clk_drv:0x00,q_drv:0x00,d_drv:0x00,cs0_drv:0x00,hd_drv:0x00,wp_drv:0x00
mode:DIO, clock div:2
load:0x3fff0030,len:7172
load:0x40078000,len:15620
load:0x40080400,len:4
ho 8 tail 4 room 4
load:0x40080404,len:3904
entry 0x40080640
[0;32mI (31) boot: ESP-IDF v5.2.5-dirty 2nd stage bootloader[0m
[0;32mI (31) boot: compile time May 31 2025 03:31:10[0m
[0;32mI (31) boot: Multicore bootloader[0m
[0;32mI (36) boot: chip revision: v3.1[0m
[0;32mI (40) boot.esp32: SPI Speed      : 40MHz[0m
[0;32mI (44) boot.esp32: SPI Mode       : DIO[0m
[0;32mI (49) boot.esp32: SPI Flash Size : 2MB[0m
[0;32mI (53) boot: Enabling RNG early entropy source...[0m
[0;32mI (59) boot: Partition Table:[0m
[0;32mI (62) boot: ## Label            Usage          Type ST Offset   Length[0m
[0;32mI (70) boot:  0 nvs              WiFi data        01 02 00009000 00006000[0m
[0;32mI (77) boot:  1 phy_init         RF data          01 01 0000f000 00001000[0m
[0;32mI (84) boot:  2 factory          factory app      00 00 00010000 00180000[0m
[0;32mI (92) boot: End of partition table[0m
[0;32mI (96) esp_image: segment 0: paddr=00010020 vaddr=3f400020 size=2db50h (187216) map[0m
[0;32mI (169) esp_image: segment 1: paddr=0003db78 vaddr=3ffbdb60 size=024a0h (  9376) load[0m
[0;32mI (173) esp_image: segment 2: paddr=00040020 vaddr=400d0020 size=c4554h (804180) map[0m
[0;32mI (450) esp_image: segment 3: paddr=0010457c vaddr=3ffc0000 size=03c2ch ( 15404) load[0m
[0;32mI (456) esp_image: segment 4: paddr=001081b0 vaddr=40080000 size=1df98h (122776) load[0m
[0;32mI (520) boot: Loaded app from partition at offset 0x10000[0m
[0;32mI (520) boot: Disabling RNG early entropy source...[0m
[0;32mI (531) cpu_start: Multicore app[0m
[0;32mI (540) cpu_start: Pro cpu start user code[0m
[0;32mI (540) cpu_start: cpu freq: 160000000 Hz[0m
[0;32mI (540) cpu_start: Application information:[0m
[0;32mI (543) cpu_start: Project name:     main[0m
[0;32mI (548) cpu_start: App version:      1[0m
[0;32mI (553) cpu_start: Compile time:     May 31 2025 03:31:01[0m
[0;32mI (559) cpu_start: ELF file SHA256:  e6ec36f36...[0m
[0;32mI (564) cpu_start: ESP-IDF:          v5.2.5-dirty[0m
[0;32mI (569) cpu_start: Min chip rev:     v0.0[0m
[0;32mI (574) cpu_start: Max chip rev:     v3.99 [0m
[0;32mI (579) cpu_start: Chip rev:         v3.1[0m
[0;32mI (584) heap_init: Initializing. RAM available for dynamic allocation:[0m
[0;32mI (591) heap_init: At 3FFAFF10 len 000000F0 (0 KiB): DRAM[0m
[0;32mI (597) heap_init: At 3FFB6388 len 00001C78 (7 KiB): DRAM[0m
[0;32mI (603) heap_init: At 3FFB9A20 len 00004108 (16 KiB): DRAM[0m
[0;32mI (609) heap_init: At 3FFCDC98 len 00012368 (72 KiB): DRAM[0m
[0;32mI (615) heap_init: At 3FFE0440 len 00003AE0 (14 KiB): D/IRAM[0m
[0;32mI (622) heap_init: At 3FFE4350 len 0001BCB0 (111 KiB): D/IRAM[0m
[0;32mI (628) heap_init: At 4009DF98 len 00002068 (8 KiB): IRAM[0m
[0;32mI (636) spi_flash: detected chip: generic[0m
[0;32mI (639) spi_flash: flash io: dio[0m
[0;33mW (643) spi_flash: Detected size(4096k) larger than the size in the binary image header(2048k). Using the size in the binary image header.[0m
[0;33mW (656) i2c: This driver is an old driver, please migrate your application code to adapt `driver/i2c_master.h`[0m
[0;32mI (667) coexist: coex firmware version: 994b23e[0m
[0;32mI (673) main_task: Started on CPU0[0m
[0;32mI (683) main_task: Calling app_main()[0m
[0;32mI (713) BTDM_INIT: BT controller compile version [f7360be][0m
[0;32mI (713) BTDM_INIT: Bluetooth MAC: cc:7b:5c:27:ec:d6[0m
[0;32mI (723) phy_init: phy_version 4840,02e0d70,Sep  2 2024,19:39:07[0m
[0;32mI (1373) WIFI_UART: GAP event: 10[0m
[0;32mI (1383) WIFI_UART: Bluetooth ready[0m
[0;32mI (1383) SD_CARD_SPI: Mounting SD card at /data[0m
[0;32mI (1393) gpio: GPIO[5]| InputEn: 0| OutputEn: 1| OpenDrain: 0| Pullup: 0| Pulldown: 0| Intr:0 [0m
[0;32mI (1393) sdspi_transaction: cmd=52, R1 response: command not supported[0m
[0;32mI (1443) sdspi_transaction: cmd=5, R1 response: command not supported[0m
Name: SS08G
Type: SDHC/SDXC
Speed: 20.00 MHz (limit: 20.00 MHz)
Size: 7580MB
CSD: ver=2, sector_size=512, capacity=15523840 read_bl_len=9
SSR: bus_width=1
[0;32mI (1503) gpio: GPIO[0]| InputEn: 1| OutputEn: 0| OpenDrain: 0| Pullup: 1| Pulldown: 0| Intr:0 [0m
[0;32mI (1503) gpio: GPIO[15]| InputEn: 0| OutputEn: 1| OpenDrain: 0| Pullup: 0| Pulldown: 0| Intr:0 [0m
[0;32mI (1513) gpio: GPIO[22]| InputEn: 0| OutputEn: 1| OpenDrain: 0| Pullup: 0| Pulldown: 0| Intr:0 [0m
[0;32mI (1523) MPU6500: Initializating MPU6500[0m
[0;32mI (1533) INMP441_I2S: INMP441 I2S initialized (port 0)[0m
[0;32mI (1533) MAIN: Waiting for Bluetooth WiFi config...[0m
[0;32mI (1543) main_task: Returned from app_main()[0m
Guru Meditation Error: Core  1 panic'ed (InstrFetchProhibited). Exception was unhandled.

Core  1 register dump:
PC      : 0x00000004  PS      : 0x00050033  A0      : 0x00000004  A1      : 0x3ffe2440  
A2      : 0x4000bff0  A3      : 0x00060a30  A4      : 0x80092db5  A5      : 0x3ffe2510  
A6      : 0x00000000  A7      : 0x00060a23  A8      : 0x00060a20  A9      : 0x00060a23  
A10     : 0x00000057  A11     : 0x00000000  A12     : 0x3ff000dc  A13     : 0x00000001  
A14     : 0x3ffbe4a0  A15     : 0xffffffff  SAR     : 0x0000000c  EXCCAUSE: 0x00000014  
EXCVADDR: 0x00000004  LBEG    : 0x0000cdcd  LEND    : 0x00000004  LCOUNT  : 0x00000000  


Backtrace: 0x00000001:0x3ffe2440 0x00000001:0x3ffb6814 |<-CORRUPTED




ELF file SHA256: e6ec36f36

Rebooting...
ets Jul 29 2019 12:21:46

rst:0xc (SW_CPU_RESET),boot:0x17 (SPI_FAST_FLASH_BOOT)
configsip: 0, SPIWP:0xee
clk_drv:0x00,q_drv:0x00,d_drv:0x00,cs0_drv:0x00,hd_drv:0x00,wp_drv:0x00
mode:DIO, clock div:2
load:0x3fff0030,len:7172
load:0x40078000,len:15620
load:0x40080400,len:4
ho 8 tail 4 room 4
load:0x40080404,len:3904
entry 0x40080640
[0;32mI (31) boot: ESP-IDF v5.2.5-dirty 2nd stage bootloader[0m
[0;32mI (31) boot: compile time May 31 2025 03:31:10[0m
[0;32mI (31) boot: Multicore bootloader[0m
[0;32mI (36) boot: chip revision: v3.1[0m
[0;32mI (40) boot.esp32: SPI Speed      : 40MHz[0m
[0;32mI (44) boot.esp32: SPI Mode       : DIO[0m
[0;32mI (49) boot.esp32: SPI Flash Size : 2MB[0m
[0;32mI (53) boot: Enabling RNG early entropy source...[0m
[0;32mI (59) boot: Partition Table:[0m
[0;32mI (62) boot: ## Label            Usage          Type ST Offset   Length[0m
[0;32mI (70) boot:  0 nvs              WiFi data        01 02 00009000 00006000[0m
[0;32mI (77) boot:  1 phy_init         RF data          01 01 0000f000 00001000[0m
[0;32mI (84) boot:  2 factory          factory app      00 00 00010000 00180000[0m
[0;32mI (92) boot: End of partition table[0m
[0;32mI (96) esp_image: segment 0: paddr=00010020 vaddr=3f400020 size=2db50h (187216) map[0m
[0;32mI (169) esp_image: segment 1: paddr=0003db78 vaddr=3ffbdb60 size=024a0h (  9376) load[0m
[0;32mI (173) esp_image: segment 2: paddr=00040020 vaddr=400d0020 size=c4554h (804180) map[0m
[0;32mI (450) esp_image: segment 3: paddr=0010457c vaddr=3ffc0000 size=03c2ch ( 15404) load[0m
[0;32mI (456) esp_image: segment 4: paddr=001081b0 vaddr=40080000 size=1df98h (122776) load[0m
[0;32mI (520) boot: Loaded app from partition at offset 0x10000[0m
[0;32mI (520) boot: Disabling RNG early entropy source...[0m
[0;32mI (531) cpu_start: Multicore app[0m
[0;32mI (540) cpu_start: Pro cpu start user code[0m
[0;32mI (540) cpu_start: cpu freq: 160000000 Hz[0m
[0;32mI (540) cpu_start: Application information:[0m
[0;32mI (543) cpu_start: Project name:     main[0m
[0;32mI (548) cpu_start: App version:      1[0m
[0;32mI (552) cpu_start: Compile time:     May 31 2025 03:31:01[0m
[0;32mI (559) cpu_start: ELF file SHA256:  e6ec36f36...[0m
[0;32mI (564) cpu_start: ESP-IDF:          v5.2.5-dirty[0m
[0;32mI (569) cpu_start: Min chip rev:     v0.0[0m
[0;32mI (574) cpu_start: Max chip rev:     v3.99 [0m
[0;32mI (579) cpu_start: Chip rev:         v3.1[0m
[0;32mI (584) heap_init: Initializing. RAM available for dynamic allocation:[0m
[0;32mI (591) heap_init: At 3FFAFF10 len 000000F0 (0 KiB): DRAM[0m
[0;32mI (597) heap_init: At 3FFB6388 len 00001C78 (7 KiB): DRAM[0m
[0;32mI (603) heap_init: At 3FFB9A20 len 00004108 (16 KiB): DRAM[0m
[0;32mI (609) heap_init: At 3FFCDC98 len 00012368 (72 KiB): DRAM[0m
[0;32mI (615) heap_init: At 3FFE0440 len 00003AE0 (14 KiB): D/IRAM[0m
[0;32mI (622) heap_init: At 3FFE4350 len 0001BCB0 (111 KiB): D/IRAM[0m
[0;32mI (628) heap_init: At 4009DF98 len 00002068 (8 KiB): IRAM[0m
[0;32mI (636) spi_flash: detected chip: generic[0m
[0;32mI (639) spi_flash: flash io: dio[0m
[0;33mW (643) spi_flash: Detected size(4096k) larger than the size in the binary image header(2048k). Using the size in the binary image header.[0m
[0;33mW (656) i2c: This driver is an old driver, please migrate your application code to adapt `driver/i2c_master.h`[0m
[0;32mI (667) coexist: coex firmware version: 994b23e[0m
[0;32mI (673) main_task: Started on CPU0[0m
[0;32mI (683) main_task: Calling app_main()[0m
[0;32mI (713) BTDM_INIT: BT controller compile version [f7360be][0m
[0;32mI (713) BTDM_INIT: Bluetooth MAC: cc:7b:5c:27:ec:d6[0m
[0;32mI (723) phy_init: phy_version 4840,02e0d70,Sep  2 2024,19:39:07[0m
[0;32mI (1363) WIFI_UART: GAP event: 10[0m
[0;32mI (1373) WIFI_UART: Bluetooth ready[0m
[0;32mI (1383) SD_CARD_SPI: Mounting SD card at /data[0m
[0;32mI (1383) gpio: GPIO[5]| InputEn: 0| OutputEn: 1| OpenDrain: 0| Pullup: 0| Pulldown: 0| Intr:0 [0m
[0;32mI (1383) sdspi_transaction: cmd=52, R1 response: command not supported[0m
[0;32mI (1433) sdspi_transaction: cmd=5, R1 response: command not supported[0m
Name: SS08G
Type: SDHC/SDXC
Speed: 20.00 MHz (limit: 20.00 MHz)
Size: 7580MB
CSD: ver=2, sector_size=512, capacity=15523840 read_bl_len=9
SSR: bus_width=1
[0;32mI (1493) gpio: GPIO[0]| InputEn: 1| OutputEn: 0| OpenDrain: 0| Pullup: 1| Pulldown: 0| Intr:0 [0m
[0;32mI (1493) gpio: GPIO[15]| InputEn: 0| OutputEn: 1| OpenDrain: 0| Pullup: 0| Pulldown: 0| Intr:0 [0m
[0;32mI (1503) gpio: GPIO[22]| InputEn: 0| OutputEn: 1| OpenDrain: 0| Pullup: 0| Pulldown: 0| Intr:0 [0m
[0;32mI (1513) MPU6500: Initializating MPU6500[0m
[0;32mI (1523) INMP441_I2S: INMP441 I2S initialized (port 0)[0m
[0;32mI (1523) MAIN: Waiting for Bluetooth WiFi config...[0m
[0;32mI (1533) main_task: Returned from app_main()[0m
Guru Meditation Error: Core  1 panic'ed (InstrFetchProhibited). Exception was unhandled.

Core  1 register dump:
PC      : 0x00000004  PS      : 0x00050033  A0      : 0x00000004  A1      : 0x3ffe2440  
A2      : 0x4000bff0  A3      : 0x00060a30  A4      : 0x80092db5  A5      : 0x3ffe2510  
A6      : 0x00000000  A7      : 0x00060a23  A8      : 0x00060a20  A9      : 0x00060a23  
A10     : 0x00000056  A11     : 0x00000000  A12     : 0x3ff000dc  A13     : 0x00000001  
A14     : 0x3ffbe4a0  A15     : 0xffffffff  SAR     : 0x0000000c  EXCCAUSE: 0x00000014  
EXCVADDR: 0x00000004  LBEG    : 0x0000cdcd  LEND    : 0x00000004  LCOUNT  : 0x00000000  


Backtrace: 0x00000001:0x3ffe2440 0x00000001:0x3ffb6814 |<-CORRUPTED




ELF file SHA256: e6ec36f36

Rebooting...
ets Jul 29 2019 12:21:46

rst:0xc (SW_CPU_RESET),boot:0x17 (SPI_FAST_FLASH_BOOT)
configsip: 0, SPIWP:0xee
clk_drv:0x00,q_drv:0x00,d_drv:0x00,cs0_drv:0x00,hd_drv:0x00,wp_drv:0x00
mode:DIO, clock div:2
load:0x3fff0030,len:7172
load:0x40078000,len:15620
load:0x40080400,len:4
ho 8 tail 4 room 4
load:0x40080404,len:3904
entry 0x40080640
[0;32mI (31) boot: ESP-IDF v5.2.5-dirty 2nd stage bootloader[0m
[0;32mI (31) boot: compile time May 31 2025 03:31:10[0m
[0;32mI (31) boot: Multicore bootloader[0m
[0;32mI (36) boot: chip revision: v3.1[0m
[0;32mI (40) boot.esp32: SPI Speed      : 40MHz[0m
[0;32mI (44) boot.esp32: SPI Mode       : DIO[0m
[0;32mI (49) boot.esp32: SPI Flash Size : 2MB[0m
[0;32mI (53) boot: Enabling RNG early entropy source...[0m
[0;32mI (59) boot: Partition Table:[0m
[0;32mI (62) boot: ## Label            Usage          Type ST Offset   Length[0m
[0;32mI (70) boot:  0 nvs              WiFi data        01 02 00009000 00006000[0m
[0;32mI (77) boot:  1 phy_init         RF data          01 01 0000f000 00001000[0m
[0;32mI (84) boot:  2 factory          factory app      00 00 00010000 00180000[0m
[0;32mI (92) boot: End of partition table[0m
[0;32mI (96) esp_image: segment 0: paddr=00010020 vaddr=3f400020 size=2db50h (187216) map[0m
[0;32mI (169) esp_image: segment 1: paddr=0003db78 vaddr=3ffbdb60 size=024a0h (  9376) load[0m
[0;32mI (173) esp_image: segment 2: paddr=00040020 vaddr=400d0020 size=c4554h (804180) map[0m
[0;32mI (450) esp_image: segment 3: paddr=0010457c vaddr=3ffc0000 size=03c2ch ( 15404) load[0m
[0;32mI (456) esp_image: segment 4: paddr=001081b0 vaddr=40080000 size=1df98h (122776) load[0m
[0;32mI (520) boot: Loaded app from partition at offset 0x10000[0m
[0;32mI (520) boot: Disabling RNG early entropy source...[0m
[0;32mI (531) cpu_start: Multicore app[0m
[0;32mI (540) cpu_start: Pro cpu start user code[0m
[0;32mI (540) cpu_start: cpu freq: 160000000 Hz[0m
[0;32mI (540) cpu_start: Application information:[0m
[0;32mI (543) cpu_start: Project name:     main[0m
[0;32mI (548) cpu_start: App version:      1[0m
[0;32mI (553) cpu_start: Compile time:     May 31 2025 03:31:01[0m
[0;32mI (559) cpu_start: ELF file SHA256:  e6ec36f36...[0m
[0;32mI (564) cpu_start: ESP-IDF:          v5.2.5-dirty[0m
[0;32mI (569) cpu_start: Min chip rev:     v0.0[0m
[0;32mI (574) cpu_start: Max chip rev:     v3.99 [0m
[0;32mI (579) cpu_start: Chip rev:         v3.1[0m
[0;32mI (584) heap_init: Initializing. RAM available for dynamic allocation:[0m
[0;32mI (591) heap_init: At 3FFAFF10 len 000000F0 (0 KiB): DRAM[0m
[0;32mI (597) heap_init: At 3FFB6388 len 00001C78 (7 KiB): DRAM[0m
[0;32mI (603) heap_init: At 3FFB9A20 len 00004108 (16 KiB): DRAM[0m
[0;32mI (609) heap_init: At 3FFCDC98 len 00012368 (72 KiB): DRAM[0m
[0;32mI (615) heap_init: At 3FFE0440 len 00003AE0 (14 KiB): D/IRAM[0m
[0;32mI (622) heap_init: At 3FFE4350 len 0001BCB0 (111 KiB): D/IRAM[0m
[0;32mI (628) heap_init: At 4009DF98 len 00002068 (8 KiB): IRAM[0m
[0;32mI (636) spi_flash: detected chip: generic[0m
[0;32mI (639) spi_flash: flash io: dio[0m
[0;33mW (643) spi_flash: Detected size(4096k) larger than the size in the binary image header(2048k). Using the size in the binary image header.[0m
[0;33mW (656) i2c: This driver is an old driver, please migrate your application code to adapt `driver/i2c_master.h`[0m
[0;32mI (667) coexist: coex firmware version: 994b23e[0m
[0;32mI (673) main_task: Started on CPU0[0m
[0;32mI (683) main_task: Calling app_main()[0m
[0;32mI (713) BTDM_INIT: BT controller compile version [f7360be][0m
[0;32mI (713) BTDM_INIT: Bluetooth MAC: cc:7b:5c:27:ec:d6[0m
[0;32mI (723) phy_init: phy_version 4840,02e0d70,Sep  2 2024,19:39:07[0m
[0;32mI (803) phy_init: Saving new calibration data due to checksum failure or outdated calibration data, mode(0)[0m
[0;32mI (1383) WIFI_UART: GAP event: 10[0m
[0;32mI (1393) WIFI_UART: Bluetooth ready[0m
[0;32mI (1403) SD_CARD_SPI: Mounting SD card at /data[0m
[0;32mI (1403) gpio: GPIO[5]| InputEn: 0| OutputEn: 1| OpenDrain: 0| Pullup: 0| Pulldown: 0| Intr:0 [0m
[0;32mI (1403) sdspi_transaction: cmd=52, R1 response: command not supported[0m
[0;32mI (1453) sdspi_transaction: cmd=5, R1 response: command not supported[0m
Name: SS08G
Type: SDHC/SDXC
Speed: 20.00 MHz (limit: 20.00 MHz)
Size: 7580MB
CSD: ver=2, sector_size=512, capacity=15523840 read_bl_len=9
SSR: bus_width=1
[0;32mI (1513) gpio: GPIO[0]| InputEn: 1| OutputEn: 0| OpenDrain: 0| Pullup: 1| Pulldown: 0| Intr:0 [0m
[0;32mI (1513) gpio: GPIO[15]| InputEn: 0| OutputEn: 1| OpenDrain: 0| Pullup: 0| Pulldown: 0| Intr:0 [0m
[0;32mI (1523) gpio: GPIO[22]| InputEn: 0| OutputEn: 1| OpenDrain: 0| Pullup: 0| Pulldown: 0| Intr:0 [0m
[0;32mI (1533) MPU6500: Initializating MPU6500[0m
[0;32mI (1543) INMP441_I2S: INMP441 I2S initialized (port 0)[0m
[0;32mI (1543) MAIN: Waiting for Bluetooth WiFi config...[0m
[0;32mI (1553) main_task: Returned from app_main()[0m
Guru Meditation Error: Core  1 panic'ed (InstrFetchProhibited). Exception was unhandled.

Core  1 register dump:
PC      : 0x00000004  PS      : 0x00050033  A0      : 0x00000004  A1      : 0x3ffe2440  
A2      : 0x4000bff0  A3      : 0x00060a30  A4      : 0x80092db5  A5      : 0x3ffe2510  
A6      : 0x00000000  A7      : 0x00060a23  A8      : 0x00060a20  A9      : 0x00060a23  
A10     : 0x00000058  A11     : 0x00000000  A12     : 0x3ff000dc  A13     : 0x00000001  
A14     : 0x3ffbe4a0  A15     : 0xffffffff  SAR     : 0x0000000c  EXCCAUSE: 0x00000014  
EXCVADDR: 0x00000004  LBEG    : 0x0000cdcd  LEND    : 0x00000004  LCOUNT  : 0x00000000  


Backtrace: 0x00000001:0x3ffe2440 0x00000001:0x3ffb6814 |<-CORRUPTED




ELF file SHA256: e6ec36f36

Rebooting...
ets Jul 29 2019 12:21:46

rst:0xc (SW_CPU_RESET),boot:0x17 (SPI_FAST_FLASH_BOOT)
configsip: 0, SPIWP:0xee
clk_drv:0x00,q_drv:0x00,d_drv:0x00,cs0_drv:0x00,hd_drv:0x00,wp_drv:0x00
mode:DIO, clock div:2
load:0x3fff0030,len:7172
load:0x40078000,len:15620
load:0x40080400,len:4
ho 8 tail 4 room 4
load:0x40080404,len:3904
entry 0x40080640
[0;32mI (31) boot: ESP-IDF v5.2.5-dirty 2nd stage bootloader[0m
[0;32mI (31) boot: compile time May 31 2025 03:31:10[0m
[0;32mI (31) boot: Multicore bootloader[0m
[0;32mI (36) boot: chip revision: v3.1[0m
[0;32mI (40) boot.esp32: SPI Speed      : 40MHz[0m
[0;32mI (44) boot.esp32: SPI Mode       : DIO[0m
[0;32mI (49) boot.esp32: SPI Flash Size : 2MB[0m
[0;32mI (53) boot: Enabling RNG early entropy source...[0m
[0;32mI (59) boot: Partition Table:[0m
[0;32mI (62) boot: ## Label            Usage          Type ST Offset   Length[0m
[0;32mI (70) boot:  0 nvs              WiFi data        01 02 00009000 00006000[0m
[0;32mI (77) boot:  1 phy_init         RF data          01 01 0000f000 00001000[0m
[0;32mI (84) boot:  2 factory          factory app      00 00 00010000 00180000[0m
[0;32mI (92) boot: End of partition table[0m
[0;32mI (96) esp_image: segment 0: paddr=00010020 vaddr=3f400020 size=2db50h (187216) map[0m
[0;32mI (169) esp_image: segment 1: paddr=0003db78 vaddr=3ffbdb60 size=024a0h (  9376) load[0m
[0;32mI (173) esp_image: segment 2: paddr=00040020 vaddr=400d0020 size=c4554h (804180) map[0m
[0;32mI (450) esp_image: segment 3: paddr=0010457c vaddr=3ffc0000 size=03c2ch ( 15404) load[0m
[0;32mI (456) esp_image: segment 4: paddr=001081b0 vaddr=40080000 size=1df98h (122776) load[0m
[0;32mI (520) boot: Loaded app from partition at offset 0x10000[0m
[0;32mI (520) boot: Disabling RNG early entropy source...[0m
[0;32mI (531) cpu_start: Multicore app[0m
[0;32mI (540) cpu_start: Pro cpu start user code[0m
[0;32mI (540) cpu_start: cpu freq: 160000000 Hz[0m
[0;32mI (540) cpu_start: Application information:[0m
[0;32mI (543) cpu_start: Project name:     main[0m
[0;32mI (548) cpu_start: App version:      1[0m
[0;32mI (553) cpu_start: Compile time:     May 31 2025 03:31:01[0m
[0;32mI (559) cpu_start: ELF file SHA256:  e6ec36f36...[0m
[0;32mI (564) cpu_start: ESP-IDF:          v5.2.5-dirty[0m
[0;32mI (569) cpu_start: Min chip rev:     v0.0[0m
[0;32mI (574) cpu_start: Max chip rev:     v3.99 [0m
[0;32mI (579) cpu_start: Chip rev:         v3.1[0m
[0;32mI (584) heap_init: Initializing. RAM available for dynamic allocation:[0m
[0;32mI (591) heap_init: At 3FFAFF10 len 000000F0 (0 KiB): DRAM[0m
[0;32mI (597) heap_init: At 3FFB6388 len 00001C78 (7 KiB): DRAM[0m
[0;32mI (603) heap_init: At 3FFB9A20 len 00004108 (16 KiB): DRAM[0m
[0;32mI (609) heap_init: At 3FFCDC98 len 00012368 (72 KiB): DRAM[0m
[0;32mI (615) heap_init: At 3FFE0440 len 00003AE0 (14 KiB): D/IRAM[0m
[0;32mI (622) heap_init: At 3FFE4350 len 0001BCB0 (111 KiB): D/IRAM[0m
[0;32mI (628) heap_init: At 4009DF98 len 00002068 (8 KiB): IRAM[0m
[0;32mI (636) spi_flash: detected chip: generic[0m
[0;32mI (639) spi_flash: flash io: dio[0m
[0;33mW (643) spi_flash: Detected size(4096k) larger than the size in the binary image header(2048k). Using the size in the binary image header.[0m
[0;33mW (656) i2c: This driver is an old driver, please migrate your application code to adapt `driver/i2c_master.h`[0m
[0;32mI (667) coexist: coex firmware version: 994b23e[0m
[0;32mI (673) main_task: Started on CPU0[0m
[0;32mI (683) main_task: Calling app_main()[0m
[0;32mI (713) BTDM_INIT: BT controller compile version [f7360be][0m
[0;32mI (713) BTDM_INIT: Bluetooth MAC: cc:7b:5c:27:ec:d6[0m
[0;32mI (723) phy_init: phy_version 4840,02e0d70,Sep  2 2024,19:39:07[0m
[0;32mI (1363) WIFI_UART: GAP event: 10[0m
[0;32mI (1373) WIFI_UART: Bluetooth ready[0m
[0;32mI (1383) SD_CARD_SPI: Mounting SD card at /data[0m
[0;32mI (1383) gpio: GPIO[5]| InputEn: 0| OutputEn: 1| OpenDrain: 0| Pullup: 0| Pulldown: 0| Intr:0 [0m
[0;32mI (1383) sdspi_transaction: cmd=52, R1 response: command not supported[0m
[0;32mI (1433) sdspi_transaction: cmd=5, R1 response: command not supported[0m
Name: SS08G
Type: SDHC/SDXC
Speed: 20.00 MHz (limit: 20.00 MHz)
Size: 7580MB
CSD: ver=2, sector_size=512, capacity=15523840 read_bl_len=9
SSR: bus_width=1
[0;32mI (1493) gpio: GPIO[0]| InputEn: 1| OutputEn: 0| OpenDrain: 0| Pullup: 1| Pulldown: 0| Intr:0 [0m
[0;32mI (1493) gpio: GPIO[15]| InputEn: 0| OutputEn: 1| OpenDrain: 0| Pullup: 0| Pulldown: 0| Intr:0 [0m
[0;32mI (1503) gpio: GPIO[22]| InputEn: 0| OutputEn: 1| OpenDrain: 0| Pullup: 0| Pulldown: 0| Intr:0 [0m
[0;32mI (1513) MPU6500: Initializating MPU6500[0m
[0;32mI (1523) INMP441_I2S: INMP441 I2S initialized (port 0)[0m
[0;32mI (1523) MAIN: Waiting for Bluetooth WiFi config...[0m
[0;32mI (1533) main_task: Returned from app_main()[0m
Guru Meditation Error: Core  1 panic'ed (InstrFetchProhibited). Exception was unhandled.

Core  1 register dump:
PC      : 0x00000004  PS      : 0x00050033  A0      : 0x00000004  A1      : 0x3ffe2440  
A2      : 0x4000bff0  A3      : 0x00060a30  A4      : 0x80092db5  A5      : 0x3ffe2510  
A6      : 0x00000000  A7      : 0x00060a23  A8      : 0x00060a20  A9      : 0x00060a23  
A10     : 0x00000056  A11     : 0x00000000  A12     : 0x3ff000dc  A13     : 0x00000001  
A14     : 0x3ffbe4a0  A15     : 0xffffffff  SAR     : 0x0000000c  EXCCAUSE: 0x00000014  
EXCVADDR: 0x00000004  LBEG    : 0x0000cdcd  LEND    : 0x00000004  LCOUNT  : 0x00000000  


Backtrace: 0x00000001:0x3ffe2440 0x00000001:0x3ffb6814 |<-CORRUPTED




ELF file SHA256: e6ec36f36

Rebooting...
ets Jul 29 2019 12:21:46

rst:0xc (SW_CPU_RESET),boot:0x17 (SPI_FAST_FLASH_BOOT)
configsip: 0, SPIWP:0xee
clk_drv:0x00,q_drv:0x00,d_drv:0x00,cs0_drv:0x00,hd_drv:0x00,wp_drv:0x00
mode:DIO, clock div:2
load:0x3fff0030,len:7172
load:0x40078000,len:15620
load:0x40080400,len:4
ho 8 tail 4 room 4
load:0x40080404,len:3904
entry 0x40080640
[0;32mI (31) boot: ESP-IDF v5.2.5-dirty 2nd stage bootloader[0m
[0;32mI (31) boot: compile time May 31 2025 03:31:10[0m
[0;32mI (31) boot: Multicore bootloader[0m
[0;32mI (36) boot: chip revision: v3.1[0m
[0;32mI (40) boot.esp32: SPI Speed      : 40MHz[0m
[0;32mI (44) boot.esp32: SPI Mode       : DIO[0m
[0;32mI (49) boot.esp32: SPI Flash Size : 2MB[0m
[0;32mI (53) boot: Enabling RNG early entropy source...[0m
[0;32mI (59) boot: Partition Table:[0m
[0;32mI (62) boot: ## Label            Usage          Type ST Offset   Length[0m
[0;32mI (70) boot:  0 nvs              WiFi data        01 02 00009000 00006000[0m
[0;32mI (77) boot:  1 phy_init         RF data          01 01 0000f000 00001000[0m
[0;32mI (84) boot:  2 factory          factory app      00 00 00010000 00180000[0m
[0;32mI (92) boot: End of partition table[0m
[0;32mI (96) esp_image: segment 0: paddr=00010020 vaddr=3f400020 size=2db50h (187216) map[0m
[0;32mI (169) esp_image: segment 1: paddr=0003db78 vaddr=3ffbdb60 size=024a0h (  9376) load[0m
[0;32mI (173) esp_image: segment 2: paddr=00040020 vaddr=400d0020 size=c4554h (804180) map[0m
[0;32mI (450) esp_image: segment 3: paddr=0010457c vaddr=3ffc0000 size=03c2ch ( 15404) load[0m
[0;32mI (456) esp_image: segment 4: paddr=001081b0 vaddr=40080000 size=1df98h (122776) load[0m
[0;32mI (520) boot: Loaded app from partition at offset 0x10000[0m
[0;32mI (520) boot: Disabling RNG early entropy source...[0m
[0;32mI (531) cpu_start: Multicore app[0m
[0;32mI (540) cpu_start: Pro cpu start user code[0m
[0;32mI (540) cpu_start: cpu freq: 160000000 Hz[0m
[0;32mI (540) cpu_start: Application information:[0m
[0;32mI (543) cpu_start: Project name:     main[0m
[0;32mI (548) cpu_start: App version:      1[0m
[0;32mI (553) cpu_start: Compile time:     May 31 2025 03:31:01[0m
[0;32mI (559) cpu_start: ELF file SHA256:  e6ec36f36...[0m
[0;32mI (564) cpu_start: ESP-IDF:          v5.2.5-dirty[0m
[0;32mI (569) cpu_start: Min chip rev:     v0.0[0m
[0;32mI (574) cpu_start: Max chip rev:     v3.99 [0m
[0;32mI (579) cpu_start: Chip rev:         v3.1[0m
[0;32mI (584) heap_init: Initializing. RAM available for dynamic allocation:[0m
[0;32mI (591) heap_init: At 3FFAFF10 len 000000F0 (0 KiB): DRAM[0m
[0;32mI (597) heap_init: At 3FFB6388 len 00001C78 (7 KiB): DRAM[0m
[0;32mI (603) heap_init: At 3FFB9A20 len 00004108 (16 KiB): DRAM[0m
[0;32mI (609) heap_init: At 3FFCDC98 len 00012368 (72 KiB): DRAM[0m
[0;32mI (615) heap_init: At 3FFE0440 len 00003AE0 (14 KiB): D/IRAM[0m
[0;32mI (622) heap_init: At 3FFE4350 len 0001BCB0 (111 KiB): D/IRAM[0m
[0;32mI (628) heap_init: At 4009DF98 len 00002068 (8 KiB): IRAM[0m
[0;32mI (636) spi_flash: detected chip: generic[0m
[0;32mI (639) spi_flash: flash io: dio[0m
[0;33mW (643) spi_flash: Detected size(4096k) larger than the size in the binary image header(2048k). Using the size in the binary image header.[0m
[0;33mW (656) i2c: This driver is an old driver, please migrate your application code to adapt `driver/i2c_master.h`[0m
[0;32mI (667) coexist: coex firmware version: 994b23e[0m
[0;32mI (673) main_task: Started on CPU0[0m
[0;32mI (683) main_task: Calling app_main()[0m
[0;32mI (713) BTDM_INIT: BT controller compile version [f7360be][0m
[0;32mI (713) BTDM_INIT: Bluetooth MAC: cc:7b:5c:27:ec:d6[0m
[0;32mI (723) phy_init: phy_version 4840,02e0d70,Sep  2 2024,19:39:07[0m
[0;32mI (803) phy_init: Saving new calibration data due to checksum failure or outdated calibration data, mode(0)[0m
[0;32mI (1363) WIFI_UART: GAP event: 10[0m
[0;32mI (1373) WIFI_UART: Bluetooth ready[0m
[0;32mI (1383) SD_CARD_SPI: Mounting SD card at /data[0m
[0;32mI (1383) gpio: GPIO[5]| InputEn: 0| OutputEn: 1| OpenDrain: 0| Pullup: 0| Pulldown: 0| Intr:0 [0m
[0;32mI (1383) sdspi_transaction: cmd=52, R1 response: command not supported[0m
[0;32mI (1433) sdspi_transaction: cmd=5, R1 response: command not supported[0m
Name: SS08G
Type: SDHC/SDXC
Speed: 20.00 MHz (limit: 20.00 MHz)
Size: 7580MB
CSD: ver=2, sector_size=512, capacity=15523840 read_bl_len=9
SSR: bus_width=1
[0;32mI (1493) gpio: GPIO[0]| InputEn: 1| OutputEn: 0| OpenDrain: 0| Pullup: 1| Pulldown: 0| Intr:0 [0m
[0;32mI (1493) gpio: GPIO[15]| InputEn: 0| OutputEn: 1| OpenDrain: 0| Pullup: 0| Pulldown: 0| Intr:0 [0m
[0;32mI (1503) gpio: GPIO[22]| InputEn: 0| OutputEn: 1| OpenDrain: 0| Pullup: 0| Pulldown: 0| Intr:0 [0m
[0;32mI (1513) MPU6500: Initializating MPU6500[0m
[0;32mI (1523) INMP441_I2S: INMP441 I2S initialized (port 0)[0m
[0;32mI (1523) MAIN: Waiting for Bluetooth WiFi config...[0m
[0;32mI (1533) main_task: Returned from app_main()[0m
Guru Meditation Error: Core  1 panic'ed (InstrFetchProhibited). Exception was unhandled.

Core  1 register dump:
PC      : 0x00000004  PS      : 0x00050033  A0      : 0x00000004  A1      : 0x3ffe2440  
A2      : 0x4000bff0  A3      : 0x00060a30  A4      : 0x80092db5  A5      : 0x3ffe2510  
A6      : 0x00000000  A7      : 0x00060a23  A8      : 0x00060a20  A9      : 0x00060a23  
A10     : 0x00000056  A11     : 0x00000000  A12     : 0x3ff000dc  A13     : 0x00000001  
A14     : 0x3ffbe4a0  A15     : 0xffffffff  SAR     : 0x0000000c  EXCCAUSE: 0x00000014  
EXCVADDR: 0x00000004  LBEG    : 0x0000cdcd  LEND    : 0x00000004  LCOUNT  : 0x00000000  


Backtrace: 0x00000001:0x3ffe2440 0x00000001:0x3ffb6814 |<-CORRUPTED




ELF file SHA256: e6ec36f36

Rebooting...
ets Jul 29 2019 12:21:46

rst:0xc (SW_CPU_RESET),boot:0x17 (SPI_FAST_FLASH_BOOT)
configsip: 0, SPIWP:0xee
clk_drv:0x00,q_drv:0x00,d_drv:0x00,cs0_drv:0x00,hd_drv:0x00,wp_drv:0x00
mode:DIO, clock div:2
load:0x3fff0030,len:7172
load:0x40078000,len:15620
load:0x40080400,len:4
ho 8 tail 4 room 4
load:0x40080404,len:3904
entry 0x40080640
[0;32mI (31) boot: ESP-IDF v5.2.5-dirty 2nd stage bootloader[0m
[0;32mI (31) boot: compile time May 31 2025 03:31:10[0m
[0;32mI (31) boot: Multicore bootloader[0m
[0;32mI (36) boot: chip revision: v3.1[0m
[0;32mI (40) boot.esp32: SPI Speed      : 40MHz[0m
[0;32mI (44) boot.esp32: SPI Mode       : DIO[0m
[0;32mI (49) boot.esp32: SPI Flash Size : 2MB[0m
[0;32mI (53) boot: Enabling RNG early entropy source...[0m
[0;32mI (59) boot: Partition Table:[0m
[0;32mI (62) boot: ## Label            Usage          Type ST Offset   Length[0m
[0;32mI (70) boot:  0 nvs              WiFi data        01 02 00009000 00006000[0m
[0;32mI (77) boot:  1 phy_init         RF data          01 01 0000f000 00001000[0m
[0;32mI (84) boot:  2 factory          factory app      00 00 00010000 00180000[0m
[0;32mI (92) boot: End of partition table[0m
[0;32mI (96) esp_image: segment 0: paddr=00010020 vaddr=3f400020 size=2db50h (187216) map[0m
[0;32mI (169) esp_image: segment 1: paddr=0003db78 vaddr=3ffbdb60 size=024a0h (  9376) load[0m
[0;32mI (173) esp_image: segment 2: paddr=00040020 vaddr=400d0020 size=c4554h (804180) map[0m
[0;32mI (450) esp_image: segment 3: paddr=0010457c vaddr=3ffc0000 size=03c2ch ( 15404) load[0m
[0;32mI (456) esp_image: segment 4: paddr=001081b0 vaddr=40080000 size=1df98h (122776) load[0m
[0;32mI (520) boot: Loaded app from partition at offset 0x10000[0m
[0;32mI (520) boot: Disabling RNG early entropy source...[0m
[0;32mI (531) cpu_start: Multicore app[0m
[0;32mI (540) cpu_start: Pro cpu start user code[0m
[0;32mI (540) cpu_start: cpu freq: 160000000 Hz[0m
[0;32mI (540) cpu_start: Application information:[0m
[0;32mI (543) cpu_start: Project name:     main[0m
[0;32mI (548) cpu_start: App version:      1[0m
[0;32mI (552) cpu_start: Compile time:     May 31 2025 03:31:01[0m
[0;32mI (559) cpu_start: ELF file SHA256:  e6ec36f36...[0m
[0;32mI (564) cpu_start: ESP-IDF:          v5.2.5-dirty[0m
[0;32mI (569) cpu_start: Min chip rev:     v0.0[0m
[0;32mI (574) cpu_start: Max chip rev:     v3.99 [0m
[0;32mI (579) cpu_start: Chip rev:         v3.1[0m
[0;32mI (584) heap_init: Initializing. RAM available for dynamic allocation:[0m
[0;32mI (591) heap_init: At 3FFAFF10 len 000000F0 (0 KiB): DRAM[0m
[0;32mI (597) heap_init: At 3FFB6388 len 00001C78 (7 KiB): DRAM[0m
[0;32mI (603) heap_init: At 3FFB9A20 len 00004108 (16 KiB): DRAM[0m
[0;32mI (609) heap_init: At 3FFCDC98 len 00012368 (72 KiB): DRAM[0m
[0;32mI (615) heap_init: At 3FFE0440 len 00003AE0 (14 KiB): D/IRAM[0m
[0;32mI (622) heap_init: At 3FFE4350 len 0001BCB0 (111 KiB): D/IRAM[0m
[0;32mI (628) heap_init: At 4009DF98 len 00002068 (8 KiB): IRAM[0m
[0;32mI (636) spi_flash: detected chip: generic[0m
[0;32mI (639) spi_flash: flash io: dio[0m
[0;33mW (643) spi_flash: Detected size(4096k) larger than the size in the binary image header(2048k). Using the size in the binary image header.[0m
[0;33mW (656) i2c: This driver is an old driver, please migrate your application code to adapt `driver/i2c_master.h`[0m
[0;32mI (667) coexist: coex firmware version: 994b23e[0m
[0;32mI (673) main_task: Started on CPU0[0m
[0;32mI (683) main_task: Calling app_main()[0m
[0;32mI (713) BTDM_INIT: BT controller compile version [f7360be][0m
[0;32mI (713) BTDM_INIT: Bluetooth MAC: cc:7b:5c:27:ec:d6[0m
[0;32mI (723) phy_init: phy_version 4840,02e0d70,Sep  2 2024,19:39:07[0m
[0;32mI (803) phy_init: Saving new calibration data due to checksum failure or outdated calibration data, mode(0)[0m
[0;32mI (1413) WIFI_UART: GAP event: 10[0m
[0;32mI (1423) WIFI_UART: Bluetooth ready[0m
[0;32mI (1423) SD_CARD_SPI: Mounting SD card at /data[0m
[0;32mI (1433) gpio: GPIO[5]| InputEn: 0| OutputEn: 1| OpenDrain: 0| Pullup: 0| Pulldown: 0| Intr:0 [0m
[0;32mI (1433) sdspi_transaction: cmd=52, R1 response: command not supported[0m
[0;32mI (1483) sdspi_transaction: cmd=5, R1 response: command not supported[0m
Name: SS08G
Type: SDHC/SDXC
Speed: 20.00 MHz (limit: 20.00 MHz)
Size: 7580MB
CSD: ver=2, sector_size=512, capacity=15523840 read_bl_len=9
SSR: bus_width=1
[0;32mI (1543) gpio: GPIO[0]| InputEn: 1| OutputEn: 0| OpenDrain: 0| Pullup: 1| Pulldown: 0| Intr:0 [0m
[0;32mI (1543) gpio: GPIO[15]| InputEn: 0| OutputEn: 1| OpenDrain: 0| Pullup: 0| Pulldown: 0| Intr:0 [0m
[0;32mI (1553) gpio: GPIO[22]| InputEn: 0| OutputEn: 1| OpenDrain: 0| Pullup: 0| Pulldown: 0| Intr:0 [0m
[0;32mI (1563) MPU6500: Initializating MPU6500[0m
[0;32mI (1573) INMP441_I2S: INMP441 I2S initialized (port 0)[0m
[0;32mI (1573) MAIN: Waiting for Bluetooth WiFi config...[0m
[0;32mI (1583) main_task: Returned from app_main()[0m
Guru Meditation Error: Core  1 panic'ed (InstrFetchProhibited). Exception was unhandled.

Core  1 register dump:
PC      : 0x00000004  PS      : 0x00050033  A0      : 0x00000004  A1      : 0x3ffe2440  
A2      : 0x4000bff0  A3      : 0x00060a30  A4      : 0x80092db5  A5      : 0x3ffe2510  
A6      : 0x00000000  A7      : 0x00060a23  A8      : 0x00060a20  A9      : 0x00060a23  
A10     : 0x0000005b  A11     : 0x00000000  A12     : 0x3ff000dc  A13     : 0x00000001  
A14     : 0x3ffbe4a0  A15     : 0xffffffff  SAR     : 0x0000000c  EXCCAUSE: 0x00000014  
EXCVADDR: 0x00000004  LBEG    : 0x0000cdcd  LEND    : 0x00000004  LCOUNT  : 0x00000000  


Backtrace: 0x00000001:0x3ffe2440 0x00000001:0x3ffb6814 |<-CORRUPTED




ELF file SHA256: e6ec36f36

Rebooting...
ets Jul 29 2019 12:21:46

rst:0xc (SW_CPU_RESET),boot:0x17 (SPI_FAST_FLASH_BOOT)
configsip: 0, SPIWP:0xee
clk_drv:0x00,q_drv:0x00,d_drv:0x00,cs0_drv:0x00,hd_drv:0x00,wp_drv:0x00
mode:DIO, clock div:2
load:0x3fff0030,len:7172
load:0x40078000,len:15620
load:0x40080400,len:4
ho 8 tail 4 room 4
load:0x40080404,len:3904
entry 0x40080640
[0;32mI (31) boot: ESP-IDF v5.2.5-dirty 2nd stage bootloader[0m
[0;32mI (31) boot: compile time May 31 2025 03:31:10[0m
[0;32mI (31) boot: Multicore bootloader[0m
[0;32mI (36) boot: chip revision: v3.1[0m
[0;32mI (40) boot.esp32: SPI Speed      : 40MHz[0m
[0;32mI (44) boot.esp32: SPI Mode       : DIO[0m
[0;32mI (49) boot.esp32: SPI Flash Size : 2MB[0m
[0;32mI (53) boot: Enabling RNG early entropy source...[0m
[0;32mI (59) boot: Partition Table:[0m
[0;32mI (62) boot: ## Label            Usage          Type ST Offset   Length[0m
[0;32mI (70) boot:  0 nvs              WiFi data        01 02 00009000 00006000[0m
[0;32mI (77) boot:  1 phy_init         RF data          01 01 0000f000 00001000[0m
[0;32mI (84) boot:  2 factory          factory app      00 00 00010000 00180000[0m
[0;32mI (92) boot: End of partition table[0m
[0;32mI (96) esp_image: segment 0: paddr=00010020 vaddr=3f400020 size=2db50h (187216) map[0m
[0;32mI (169) esp_image: segment 1: paddr=0003db78 vaddr=3ffbdb60 size=024a0h (  9376) load[0m
[0;32mI (173) esp_image: segment 2: paddr=00040020 vaddr=400d0020 size=c4554h (804180) map[0m
[0;32mI (450) esp_image: segment 3: paddr=0010457c vaddr=3ffc0000 size=03c2ch ( 15404) load[0m
[0;32mI (456) esp_image: segment 4: paddr=001081b0 vaddr=40080000 size=1df98h (122776) load[0m
[0;32mI (520) boot: Loaded app from partition at offset 0x10000[0m
[0;32mI (520) boot: Disabling RNG early entropy source...[0m
[0;32mI (531) cpu_start: Multicore app[0m
[0;32mI (540) cpu_start: Pro cpu start user code[0m
[0;32mI (540) cpu_start: cpu freq: 160000000 Hz[0m
[0;32mI (540) cpu_start: Application information:[0m
[0;32mI (543) cpu_start: Project name:     main[0m
[0;32mI (548) cpu_start: App version:      1[0m
[0;32mI (553) cpu_start: Compile time:     May 31 2025 03:31:01[0m
[0;32mI (559) cpu_start: ELF file SHA256:  e6ec36f36...[0m
[0;32mI (564) cpu_start: ESP-IDF:          v5.2.5-dirty[0m
[0;32mI (569) cpu_start: Min chip rev:     v0.0[0m
[0;32mI (574) cpu_start: Max chip rev:     v3.99 [0m
[0;32mI (579) cpu_start: Chip rev:         v3.1[0m
[0;32mI (584) heap_init: Initializing. RAM available for dynamic allocation:[0m
[0;32mI (591) heap_init: At 3FFAFF10 len 000000F0 (0 KiB): DRAM[0m
[0;32mI (597) heap_init: At 3FFB6388 len 00001C78 (7 KiB): DRAM[0m
[0;32mI (603) heap_init: At 3FFB9A20 len 00004108 (16 KiB): DRAM[0m
[0;32mI (609) heap_init: At 3FFCDC98 len 00012368 (72 KiB): DRAM[0m
[0;32mI (615) heap_init: At 3FFE0440 len 00003AE0 (14 KiB): D/IRAM[0m
[0;32mI (622) heap_init: At 3FFE4350 len 0001BCB0 (111 KiB): D/IRAM[0m
[0;32mI (628) heap_init: At 4009DF98 len 00002068 (8 KiB): IRAM[0m
[0;32mI (636) spi_flash: detected chip: generic[0m
[0;32mI (639) spi_flash: flash io: dio[0m
[0;33mW (643) spi_flash: Detected size(4096k) larger than the size in the binary image header(2048k). Using the size in the binary image header.[0m
[0;33mW (656) i2c: This driver is an old driver, please migrate your application code to adapt `driver/i2c_master.h`[0m
[0;32mI (667) coexist: coex firmware version: 994b23e[0m
[0;32mI (673) main_task: Started on CPU0[0m
[0;32mI (683) main_task: Calling app_main()[0m
[0;32mI (713) BTDM_INIT: BT controller compile version [f7360be][0m
[0;32mI (713) BTDM_INIT: Bluetooth MAC: cc:7b:5c:27:ec:d6[0m
[0;32mI (723) phy_init: phy_version 4840,02e0d70,Sep  2 2024,19:39:07[0m
[0;32mI (803) phy_init: Saving new calibration data due to checksum failure or outdated calibration data, mode(0)[0m
[0;32mI (1383) WIFI_UART: GAP event: 10[0m
[0;32mI (1393) WIFI_UART: Bluetooth ready[0m
[0;32mI (1393) SD_CARD_SPI: Mounting SD card at /data[0m
[0;32mI (1403) gpio: GPIO[5]| InputEn: 0| OutputEn: 1| OpenDrain: 0| Pullup: 0| Pulldown: 0| Intr:0 [0m
[0;32mI (1403) sdspi_transaction: cmd=52, R1 response: command not supported[0m
[0;32mI (1453) sdspi_transaction: cmd=5, R1 response: command not supported[0m
Name: SS08G
Type: SDHC/SDXC
Speed: 20.00 MHz (limit: 20.00 MHz)
Size: 7580MB
CSD: ver=2, sector_size=512, capacity=15523840 read_bl_len=9
SSR: bus_width=1
[0;32mI (1513) gpio: GPIO[0]| InputEn: 1| OutputEn: 0| OpenDrain: 0| Pullup: 1| Pulldown: 0| Intr:0 [0m
[0;32mI (1513) gpio: GPIO[15]| InputEn: 0| OutputEn: 1| OpenDrain: 0| Pullup: 0| Pulldown: 0| Intr:0 [0m
[0;32mI (1523) gpio: GPIO[22]| InputEn: 0| OutputEn: 1| OpenDrain: 0| Pullup: 0| Pulldown: 0| Intr:0 [0m
[0;32mI (1533) MPU6500: Initializating MPU6500[0m
[0;32mI (1543) INMP441_I2S: INMP441 I2S initialized (port 0)[0m
[0;32mI (1543) MAIN: Waiting for Bluetooth WiFi config...[0m
[0;32mI (1553) main_task: Returned from app_main()[0m
Guru Meditation Error: Core  1 panic'ed (InstrFetchProhibited). Exception was unhandled.

Core  1 register dump:
PC      : 0x00000004  PS      : 0x00050033  A0      : 0x00000004  A1      : 0x3ffe2440  
A2      : 0x4000bff0  A3      : 0x00060a30  A4      : 0x80092db5  A5      : 0x3ffe2510  
A6      : 0x00000000  A7      : 0x00060a23  A8      : 0x00060a20  A9      : 0x00060a23  
A10     : 0x00000058  A11     : 0x00000000  A12     : 0x3ff000dc  A13     : 0x00000001  
A14     : 0x3ffbe4a0  A15     : 0xffffffff  SAR     : 0x0000000c  EXCCAUSE: 0x00000014  
EXCVADDR: 0x00000004  LBEG    : 0x0000cdcd  LEND    : 0x00000004  LCOUNT  : 0x00000000  


Backtrace: 0x00000001:0x3ffe2440 0x00000001:0x3ffb6814 |<-CORRUPTED




ELF file SHA256: e6ec36f36

Rebooting...
ets Jul 29 2019 12:21:46

rst:0xc (SW_CPU_RESET),boot:0x17 (SPI_FAST_FLASH_BOOT)
configsip: 0, SPIWP:0xee
clk_drv:0x00,q_drv:0x00,d_drv:0x00,cs0_drv:0x00,hd_drv:0x00,wp_drv:0x00
mode:DIO, clock div:2
load:0x3fff0030,len:7172
load:0x40078000,len:15620
load:0x40080400,len:4
ho 8 tail 4 room 4
load:0x40080404,len:3904
entry 0x40080640
[0;32mI (31) boot: ESP-IDF v5.2.5-dirty 2nd stage bootloader[0m
[0;32mI (31) boot: compile time May 31 2025 03:31:10[0m
[0;32mI (31) boot: Multicore bootloader[0m
[0;32mI (36) boot: chip revision: v3.1[0m
[0;32mI (40) boot.esp32: SPI Speed      : 40MHz[0m
[0;32mI (44) boot.esp32: SPI Mode       : DIO[0m
[0;32mI (49) boot.esp32: SPI Flash Size : 2MB[0m
[0;32mI (53) boot: Enabling RNG early entropy source...[0m
[0;32mI (59) boot: Partition Table:[0m
[0;32mI (62) boot: ## Label            Usage          Type ST Offset   Length[0m
[0;32mI (70) boot:  0 nvs              WiFi data        01 02 00009000 00006000[0m
[0;32mI (77) boot:  1 phy_init         RF data          01 01 0000f000 00001000[0m
[0;32mI (84) boot:  2 factory          factory app      00 00 00010000 00180000[0m
[0;32mI (92) boot: End of partition table[0m
[0;32mI (96) esp_image: segment 0: paddr=00010020 vaddr=3f400020 size=2db50h (187216) map[0m
[0;32mI (169) esp_image: segment 1: paddr=0003db78 vaddr=3ffbdb60 size=024a0h (  9376) load[0m
[0;32mI (173) esp_image: segment 2: paddr=00040020 vaddr=400d0020 size=c4554h (804180) map[0m
[0;32mI (450) esp_image: segment 3: paddr=0010457c vaddr=3ffc0000 size=03c2ch ( 15404) load[0m
[0;32mI (456) esp_image: segment 4: paddr=001081b0 vaddr=40080000 size=1df98h (122776) load[0m
[0;32mI (520) boot: Loaded app from partition at offset 0x10000[0m
[0;32mI (520) boot: Disabling RNG early entropy source...[0m
[0;32mI (531) cpu_start: Multicore app[0m
[0;32mI (540) cpu_start: Pro cpu start user code[0m
[0;32mI (540) cpu_start: cpu freq: 160000000 Hz[0m
[0;32mI (540) cpu_start: Application information:[0m
[0;32mI (543) cpu_start: Project name:     main[0m
[0;32mI (548) cpu_start: App version:      1[0m
[0;32mI (553) cpu_start: Compile time:     May 31 2025 03:31:01[0m
[0;32mI (559) cpu_start: ELF file SHA256:  e6ec36f36...[0m
[0;32mI (564) cpu_start: ESP-IDF:          v5.2.5-dirty[0m
[0;32mI (569) cpu_start: Min chip rev:     v0.0[0m
[0;32mI (574) cpu_start: Max chip rev:     v3.99 [0m
[0;32mI (579) cpu_start: Chip rev:         v3.1[0m
[0;32mI (584) heap_init: Initializing. RAM available for dynamic allocation:[0m
[0;32mI (591) heap_init: At 3FFAFF10 len 000000F0 (0 KiB): DRAM[0m
[0;32mI (597) heap_init: At 3FFB6388 len 00001C78 (7 KiB): DRAM[0m
[0;32mI (603) heap_init: At 3FFB9A20 len 00004108 (16 KiB): DRAM[0m
[0;32mI (609) heap_init: At 3FFCDC98 len 00012368 (72 KiB): DRAM[0m
[0;32mI (615) heap_init: At 3FFE0440 len 00003AE0 (14 KiB): D/IRAM[0m
[0;32mI (622) heap_init: At 3FFE4350 len 0001BCB0 (111 KiB): D/IRAM[0m
[0;32mI (628) heap_init: At 4009DF98 len 00002068 (8 KiB): IRAM[0m
[0;32mI (636) spi_flash: detected chip: generic[0m
[0;32mI (639) spi_flash: flash io: dio[0m
[0;33mW (643) spi_flash: Detected size(4096k) larger than the size in the binary image header(2048k). Using the size in the binary image header.[0m
[0;33mW (656) i2c: This driver is an old driver, please migrate your application code to adapt `driver/i2c_master.h`[0m
[0;32mI (667) coexist: coex firmware version: 994b23e[0m
[0;32mI (673) main_task: Started on CPU0[0m
[0;32mI (683) main_task: Calling app_main()[0m
[0;32mI (713) BTDM_INIT: BT controller compile version [f7360be][0m
[0;32mI (713) BTDM_INIT: Bluetooth MAC: cc:7b:5c:27:ec:d6[0m
[0;32mI (723) phy_init: phy_version 4840,02e0d70,Sep  2 2024,19:39:07[0m
[0;32mI (803) phy_init: Saving new calibration data due to checksum failure or outdated calibration data, mode(0)[0m
[0;32mI (1393) WIFI_UART: GAP event: 10[0m
[0;32mI (1403) WIFI_UART: Bluetooth ready[0m
[0;32mI (1413) SD_CARD_SPI: Mounting SD card at /data[0m
[0;32mI (1413) gpio: GPIO[5]| InputEn: 0| OutputEn: 1| OpenDrain: 0| Pullup: 0| Pulldown: 0| Intr:0 [0m
[0;32mI (1413) sdspi_transaction: cmd=52, R1 response: command not supported[0m
[0;32mI (1463) sdspi_transaction: cmd=5, R1 response: command not supported[0m
Name: SS08G
Type: SDHC/SDXC
Speed: 20.00 MHz (limit: 20.00 MHz)
Size: 7580MB
CSD: ver=2, sector_size=512, capacity=15523840 read_bl_len=9
SSR: bus_width=1
[0;32mI (1523) gpio: GPIO[0]| InputEn: 1| OutputEn: 0| OpenDrain: 0| Pullup: 1| Pulldown: 0| Intr:0 [0m
[0;32mI (1523) gpio: GPIO[15]| InputEn: 0| OutputEn: 1| OpenDrain: 0| Pullup: 0| Pulldown: 0| Intr:0 [0m
[0;32mI (1533) gpio: GPIO[22]| InputEn: 0| OutputEn: 1| OpenDrain: 0| Pullup: 0| Pulldown: 0| Intr:0 [0m
[0;32mI (1543) MPU6500: Initializating MPU6500[0m
[0;32mI (1553) INMP441_I2S: INMP441 I2S initialized (port 0)[0m
[0;32mI (1553) MAIN: Waiting for Bluetooth WiFi config...[0m
[0;32mI (1563) main_task: Returned from app_main()[0m
Guru Meditation Error: Core  1 panic'ed (InstrFetchProhibited). Exception was unhandled.

Core  1 register dump:
PC      : 0x00000004  PS      : 0x00050033  A0      : 0x00000004  A1      : 0x3ffe2440  
A2      : 0x4000bff0  A3      : 0x00060a30  A4      : 0x80092db5  A5      : 0x3ffe2510  
A6      : 0x00000000  A7      : 0x00060a23  A8      : 0x00060a20  A9      : 0x00060a23  
A10     : 0x00000059  A11     : 0x00000000  A12     : 0x3ff000dc  A13     : 0x00000001  
A14     : 0x3ffbe4a0  A15     : 0xffffffff  SAR     : 0x0000000c  EXCCAUSE: 0x00000014  
EXCVADDR: 0x00000004  LBEG    : 0x0000cdcd  LEND    : 0x00000004  LCOUNT  : 0x00000000  


Backtrace: 0x00000001:0x3ffe2440 0x00000001:0x3ffb6814 |<-CORRUPTED




ELF file SHA256: e6ec36f36

Rebooting...
ets Jul 29 2019 12:21:46

rst:0xc (SW_CPU_RESET),boot:0x17 (SPI_FAST_FLASH_BOOT)
configsip: 0, SPIWP:0xee
clk_drv:0x00,q_drv:0x00,d_drv:0x00,cs0_drv:0x00,hd_drv:0x00,wp_drv:0x00
mode:DIO, clock div:2
load:0x3fff0030,len:7172
load:0x40078000,len:15620
load:0x40080400,len:4
ho 8 tail 4 room 4
load:0x40080404,len:3904
entry 0x40080640
[0;32mI (31) boot: ESP-IDF v5.2.5-dirty 2nd stage bootloader[0m
[0;32mI (31) boot: compile time May 31 2025 03:31:10[0m
[0;32mI (31) boot: Multicore bootloader[0m
[0;32mI (36) boot: chip revision: v3.1[0m
[0;32mI (40) boot.esp32: SPI Speed      : 40MHz[0m
[0;32mI (44) boot.esp32: SPI Mode       : DIO[0m
[0;32mI (49) boot.esp32: SPI Flash Size : 2MB[0m
[0;32mI (53) boot: Enabling RNG early entropy source...[0m
[0;32mI (59) boot: Partition Table:[0m
[0;32mI (62) boot: ## Label            Usage          Type ST Offset   Length[0m
[0;32mI (70) boot:  0 nvs              WiFi data        01 02 00009000 00006000[0m
[0;32mI (77) boot:  1 phy_init         RF data          01 01 0000f000 00001000[0m
[0;32mI (84) boot:  2 factory          factory app      00 00 00010000 00180000[0m
[0;32mI (92) boot: End of partition table[0m
[0;32mI (96) esp_image: segment 0: paddr=00010020 vaddr=3f400020 size=2db50h (187216) map[0m
[0;32mI (169) esp_image: segment 1: paddr=0003db78 vaddr=3ffbdb60 size=024a0h (  9376) load[0m
[0;32mI (173) esp_image: segment 2: paddr=00040020 vaddr=400d0020 size=c4554h (804180) map[0m
[0;32mI (450) esp_image: segment 3: paddr=0010457c vaddr=3ffc0000 size=03c2ch ( 15404) load[0m
[0;32mI (456) esp_image: segment 4: paddr=001081b0 vaddr=40080000 size=1df98h (122776) load[0m
[0;32mI (520) boot: Loaded app from partition at offset 0x10000[0m
[0;32mI (520) boot: Disabling RNG early entropy source...[0m
[0;32mI (531) cpu_start: Multicore app[0m
[0;32mI (540) cpu_start: Pro cpu start user code[0m
[0;32mI (540) cpu_start: cpu freq: 160000000 Hz[0m
[0;32mI (540) cpu_start: Application information:[0m
[0;32mI (543) cpu_start: Project name:     main[0m
[0;32mI (548) cpu_start: App version:      1[0m
[0;32mI (552) cpu_start: Compile time:     May 31 2025 03:31:01[0m
[0;32mI (559) cpu_start: ELF file SHA256:  e6ec36f36...[0m
[0;32mI (564) cpu_start: ESP-IDF:          v5.2.5-dirty[0m
[0;32mI (569) cpu_start: Min chip rev:     v0.0[0m
[0;32mI (574) cpu_start: Max chip rev:     v3.99 [0m
[0;32mI (579) cpu_start: Chip rev:         v3.1[0m
[0;32mI (584) heap_init: Initializing. RAM available for dynamic allocation:[0m
[0;32mI (591) heap_init: At 3FFAFF10 len 000000F0 (0 KiB): DRAM[0m
[0;32mI (597) heap_init: At 3FFB6388 len 00001C78 (7 KiB): DRAM[0m
[0;32mI (603) heap_init: At 3FFB9A20 len 00004108 (16 KiB): DRAM[0m
[0;32mI (609) heap_init: At 3FFCDC98 len 00012368 (72 KiB): DRAM[0m
[0;32mI (615) heap_init: At 3FFE0440 len 00003AE0 (14 KiB): D/IRAM[0m
[0;32mI (622) heap_init: At 3FFE4350 len 0001BCB0 (111 KiB): D/IRAM[0m
[0;32mI (628) heap_init: At 4009DF98 len 00002068 (8 KiB): IRAM[0m
[0;32mI (636) spi_flash: detected chip: generic[0m
[0;32mI (639) spi_flash: flash io: dio[0m
[0;33mW (643) spi_flash: Detected size(4096k) larger than the size in the binary image header(2048k). Using the size in the binary image header.[0m
[0;33mW (656) i2c: This driver is an old driver, please migrate your application code to adapt `driver/i2c_master.h`[0m
[0;32mI (667) coexist: coex firmware version: 994b23e[0m
[0;32mI (673) main_task: Started on CPU0[0m
[0;32mI (683) main_task: Calling app_main()[0m
[0;32mI (713) BTDM_INIT: BT controller compile version [f7360be][0m
[0;32mI (713) BTDM_INIT: Bluetooth MAC: cc:7b:5c:27:ec:d6[0m
[0;32mI (723) phy_init: phy_version 4840,02e0d70,Sep  2 2024,19:39:07[0m
[0;32mI (803) phy_init: Saving new calibration data due to checksum failure or outdated calibration data, mode(0)[0m
[0;32mI (1393) WIFI_UART: GAP event: 10[0m
[0;32mI (1393) WIFI_UART: Bluetooth ready[0m
[0;32mI (1403) SD_CARD_SPI: Mounting SD card at /data[0m
[0;32mI (1413) gpio: GPIO[5]| InputEn: 0| OutputEn: 1| OpenDrain: 0| Pullup: 0| Pulldown: 0| Intr:0 [0m
[0;32mI (1413) sdspi_transaction: cmd=52, R1 response: command not supported[0m
[0;32mI (1463) sdspi_transaction: cmd=5, R1 response: command not supported[0m
Name: SS08G
Type: SDHC/SDXC
Speed: 20.00 MHz (limit: 20.00 MHz)
Size: 7580MB
CSD: ver=2, sector_size=512, capacity=15523840 read_bl_len=9
SSR: bus_width=1
[0;32mI (1523) gpio: GPIO[0]| InputEn: 1| OutputEn: 0| OpenDrain: 0| Pullup: 1| Pulldown: 0| Intr:0 [0m
[0;32mI (1523) gpio: GPIO[15]| InputEn: 0| OutputEn: 1| OpenDrain: 0| Pullup: 0| Pulldown: 0| Intr:0 [0m
[0;32mI (1533) gpio: GPIO[22]| InputEn: 0| OutputEn: 1| OpenDrain: 0| Pullup: 0| Pulldown: 0| Intr:0 [0m
[0;32mI (1543) MPU6500: Initializating MPU6500[0m
[0;32mI (1553) INMP441_I2S: INMP441 I2S initialized (port 0)[0m
[0;32mI (1553) MAIN: Waiting for Bluetooth WiFi config...[0m
[0;32mI (1563) main_task: Returned from app_main()[0m
Guru Meditation Error: Core  1 panic'ed (InstrFetchProhibited). Exception was unhandled.

Core  1 register dump:
PC      : 0x00000004  PS      : 0x00050033  A0      : 0x00000004  A1      : 0x3ffe2440  
A2      : 0x4000bff0  A3      : 0x00060a30  A4      : 0x80092db5  A5      : 0x3ffe2510  
A6      : 0x00000000  A7      : 0x00060a23  A8      : 0x00060a20  A9      : 0x00060a23  
A10     : 0x00000059  A11     : 0x00000000  A12     : 0x3ff000dc  A13     : 0x00000001  
A14     : 0x3ffbe4a0  A15     : 0xffffffff  SAR     : 0x0000000c  EXCCAUSE: 0x00000014  
EXCVADDR: 0x00000004  LBEG    : 0x0000cdcd  LEND    : 0x00000004  LCOUNT  : 0x00000000  


Backtrace: 0x00000001:0x3ffe2440 0x00000001:0x3ffb6814 |<-CORRUPTED




ELF file SHA256: e6ec36f36

Rebooting...
ets Jul 29 2019 12:21:46

rst:0xc (SW_CPU_RESET),boot:0x17 (SPI_FAST_FLASH_BOOT)
configsip: 0, SPIWP:0xee
clk_drv:0x00,q_drv:0x00,d_drv:0x00,cs0_drv:0x00,hd_drv:0x00,wp_drv:0x00
mode:DIO, clock div:2
load:0x3fff0030,len:7172
load:0x40078000,len:15620
load:0x40080400,len:4
ho 8 tail 4 room 4
load:0x40080404,len:3904
entry 0x40080640
[0;32mI (31) boot: ESP-IDF v5.2.5-dirty 2nd stage bootloader[0m
[0;32mI (31) boot: compile time May 31 2025 03:31:10[0m
[0;32mI (31) boot: Multicore bootloader[0m
[0;32mI (36) boot: chip revision: v3.1[0m
[0;32mI (40) boot.esp32: SPI Speed      : 40MHz[0m
[0;32mI (44) boot.esp32: SPI Mode       : DIO[0m
[0;32mI (49) boot.esp32: SPI Flash Size : 2MB[0m
[0;32mI (53) boot: Enabling RNG early entropy source...[0m
[0;32mI (59) boot: Partition Table:[0m
[0;32mI (62) boot: ## Label            Usage          Type ST Offset   Length[0m
[0;32mI (70) boot:  0 nvs              WiFi data        01 02 00009000 00006000[0m
[0;32mI (77) boot:  1 phy_init         RF data          01 01 0000f000 00001000[0m
[0;32mI (84) boot:  2 factory          factory app      00 00 00010000 00180000[0m
[0;32mI (92) boot: End of partition table[0m
[0;32mI (96) esp_image: segment 0: paddr=00010020 vaddr=3f400020 size=2db50h (187216) map[0m
[0;32mI (169) esp_image: segment 1: paddr=0003db78 vaddr=3ffbdb60 size=024a0h (  9376) load[0m
[0;32mI (173) esp_image: segment 2: paddr=00040020 vaddr=400d0020 size=c4554h (804180) map[0m
[0;32mI (450) esp_image: segment 3: paddr=0010457c vaddr=3ffc0000 size=03c2ch ( 15404) load[0m
[0;32mI (456) esp_image: segment 4: paddr=001081b0 vaddr=40080000 size=1df98h (122776) load[0m
[0;32mI (520) boot: Loaded app from partition at offset 0x10000[0m
[0;32mI (520) boot: Disabling RNG early entropy source...[0m
[0;32mI (531) cpu_start: Multicore app[0m
[0;32mI (540) cpu_start: Pro cpu start user code[0m
[0;32mI (540) cpu_start: cpu freq: 160000000 Hz[0m
[0;32mI (540) cpu_start: Application information:[0m
[0;32mI (543) cpu_start: Project name:     main[0m
[0;32mI (548) cpu_start: App version:      1[0m
[0;32mI (552) cpu_start: Compile time:     May 31 2025 03:31:01[0m
[0;32mI (559) cpu_start: ELF file SHA256:  e6ec36f36...[0m
[0;32mI (564) cpu_start: ESP-IDF:          v5.2.5-dirty[0m
[0;32mI (569) cpu_start: Min chip rev:     v0.0[0m
[0;32mI (574) cpu_start: Max chip rev:     v3.99 [0m
[0;32mI (579) cpu_start: Chip rev:         v3.1[0m
[0;32mI (584) heap_init: Initializing. RAM available for dynamic allocation:[0m
[0;32mI (591) heap_init: At 3FFAFF10 len 000000F0 (0 KiB): DRAM[0m
[0;32mI (597) heap_init: At 3FFB6388 len 00001C78 (7 KiB): DRAM[0m
[0;32mI (603) heap_init: At 3FFB9A20 len 00004108 (16 KiB): DRAM[0m
[0;32mI (609) heap_init: At 3FFCDC98 len 00012368 (72 KiB): DRAM[0m
[0;32mI (615) heap_init: At 3FFE0440 len 00003AE0 (14 KiB): D/IRAM[0m
[0;32mI (622) heap_init: At 3FFE4350 len 0001BCB0 (111 KiB): D/IRAM[0m
[0;32mI (628) heap_init: At 4009DF98 len 00002068 (8 KiB): IRAM[0m
[0;32mI (636) spi_flash: detected chip: generic[0m
[0;32mI (639) spi_flash: flash io: dio[0m
[0;33mW (643) spi_flash: Detected size(4096k) larger than the size in the binary image header(2048k). Using the size in the binary image header.[0m
[0;33mW (656) i2c: This driver is an old driver, please migrate your application code to adapt `driver/i2c_master.h`[0m
[0;32mI (667) coexist: coex firmware version: 994b23e[0m
[0;32mI (673) main_task: Started on CPU0[0m
[0;32mI (683) main_task: Calling app_main()[0m
[0;32mI (713) BTDM_INIT: BT controller compile version [f7360be][0m
[0;32mI (713) BTDM_INIT: Bluetooth MAC: cc:7b:5c:27:ec:d6[0m
[0;32mI (723) phy_init: phy_version 4840,02e0d70,Sep  2 2024,19:39:07[0m
[0;32mI (1383) WIFI_UART: GAP event: 10[0m
[0;32mI (1393) WIFI_UART: Bluetooth ready[0m
[0;32mI (1403) SD_CARD_SPI: Mounting SD card at /data[0m
[0;32mI (1403) gpio: GPIO[5]| InputEn: 0| OutputEn: 1| OpenDrain: 0| Pullup: 0| Pulldown: 0| Intr:0 [0m
[0;32mI (1403) sdspi_transaction: cmd=52, R1 response: command not supported[0m
[0;32mI (1453) sdspi_transaction: cmd=5, R1 response: command not supported[0m
Name: SS08G
Type: SDHC/SDXC
Speed: 20.00 MHz (limit: 20.00 MHz)
Size: 7580MB
CSD: ver=2, sector_size=512, capacity=15523840 read_bl_len=9
SSR: bus_width=1
[0;32mI (1513) gpio: GPIO[0]| InputEn: 1| OutputEn: 0| OpenDrain: 0| Pullup: 1| Pulldown: 0| Intr:0 [0m
[0;32mI (1513) gpio: GPIO[15]| InputEn: 0| OutputEn: 1| OpenDrain: 0| Pullup: 0| Pulldown: 0| Intr:0 [0m
[0;32mI (1523) gpio: GPIO[22]| InputEn: 0| OutputEn: 1| OpenDrain: 0| Pullup: 0| Pulldown: 0| Intr:0 [0m
[0;32mI (1533) MPU6500: Initializating MPU6500[0m
[0;32mI (1543) INMP441_I2S: INMP441 I2S initialized (port 0)[0m
[0;32mI (1543) MAIN: Waiting for Bluetooth WiFi config...[0m
[0;32mI (1553) main_task: Returned from app_main()[0m
Guru Meditation Error: Core  1 panic'ed (InstrFetchProhibited). Exception was unhandled.

Core  1 register dump:
PC      : 0x00000004  PS      : 0x00050033  A0      : 0x00000004  A1      : 0x3ffe2440  
A2      : 0x4000bff0  A3      : 0x00060a30  A4      : 0x80092db5  A5      : 0x3ffe2510  
A6      : 0x00000000  A7      : 0x00060a23  A8      : 0x00060a20  A9      : 0x00060a23  
A10     : 0x00000058  A11     : 0x00000000  A12     : 0x3ff000dc  A13     : 0x00000001  
A14     : 0x3ffbe4a0  A15     : 0xffffffff  SAR     : 0x0000000c  EXCCAUSE: 0x00000014  
EXCVADDR: 0x00000004  LBEG    : 0x0000cdcd  LEND    : 0x00000004  LCOUNT  : 0x00000000  


Backtrace: 0x00000001:0x3ffe2440 0x00000001:0x3ffb6814 |<-CORRUPTED




ELF file SHA256: e6ec36f36

Rebooting...
ets Jul 29 2019 12:21:46

rst:0xc (SW_CPU_RESET),boot:0x17 (SPI_FAST_FLASH_BOOT)
configsip: 0, SPIWP:0xee
clk_drv:0x00,q_drv:0x00,d_drv:0x00,cs0_drv:0x00,hd_drv:0x00,wp_drv:0x00
mode:DIO, clock div:2
load:0x3fff0030,len:7172
load:0x40078000,len:15620
load:0x40080400,len:4
ho 8 tail 4 room 4
load:0x40080404,len:3904
entry 0x40080640
[0;32mI (31) boot: ESP-IDF v5.2.5-dirty 2nd stage bootloader[0m
[0;32mI (31) boot: compile time May 31 2025 03:31:10[0m
[0;32mI (31) boot: Multicore bootloader[0m
[0;32mI (36) boot: chip revision: v3.1[0m
[0;32mI (40) boot.esp32: SPI Speed      : 40MHz[0m
[0;32mI (44) boot.esp32: SPI Mode       : DIO[0m
[0;32mI (49) boot.esp32: SPI Flash Size : 2MB[0m
[0;32mI (53) boot: Enabling RNG early entropy source...[0m
[0;32mI (59) boot: Partition Table:[0m
[0;32mI (62) boot: ## Label            Usage          Type ST Offset   Length[0m
[0;32mI (70) boot:  0 nvs              WiFi data        01 02 00009000 00006000[0m
[0;32mI (77) boot:  1 phy_init         RF data          01 01 0000f000 00001000[0m
[0;32mI (84) boot:  2 factory          factory app      00 00 00010000 00180000[0m
[0;32mI (92) boot: End of partition table[0m
[0;32mI (96) esp_image: segment 0: paddr=00010020 vaddr=3f400020 size=2db50h (187216) map[0m
[0;32mI (169) esp_image: segment 1: paddr=0003db78 vaddr=3ffbdb60 size=024a0h (  9376) load[0m
[0;32mI (173) esp_image: segment 2: paddr=00040020 vaddr=400d0020 size=c4554h (804180) map[0m
[0;32mI (450) esp_image: segment 3: paddr=0010457c vaddr=3ffc0000 size=03c2ch ( 15404) load[0m
[0;32mI (456) esp_image: segment 4: paddr=001081b0 vaddr=40080000 size=1df98h (122776) load[0m
[0;32mI (520) boot: Loaded app from partition at offset 0x10000[0m
[0;32mI (520) boot: Disabling RNG early entropy source...[0m
[0;32mI (531) cpu_start: Multicore app[0m
[0;32mI (540) cpu_start: Pro cpu start user code[0m
[0;32mI (540) cpu_start: cpu freq: 160000000 Hz[0m
[0;32mI (540) cpu_start: Application information:[0m
[0;32mI (543) cpu_start: Project name:     main[0m
[0;32mI (548) cpu_start: App version:      1[0m
[0;32mI (553) cpu_start: Compile time:     May 31 2025 03:31:01[0m
[0;32mI (559) cpu_start: ELF file SHA256:  e6ec36f36...[0m
[0;32mI (564) cpu_start: ESP-IDF:          v5.2.5-dirty[0m
[0;32mI (569) cpu_start: Min chip rev:     v0.0[0m
[0;32mI (574) cpu_start: Max chip rev:     v3.99 [0m
[0;32mI (579) cpu_start: Chip rev:         v3.1[0m
[0;32mI (584) heap_init: Initializing. RAM available for dynamic allocation:[0m
[0;32mI (591) heap_init: At 3FFAFF10 len 000000F0 (0 KiB): DRAM[0m
[0;32mI (597) heap_init: At 3FFB6388 len 00001C78 (7 KiB): DRAM[0m
[0;32mI (603) heap_init: At 3FFB9A20 len 00004108 (16 KiB): DRAM[0m
[0;32mI (609) heap_init: At 3FFCDC98 len 00012368 (72 KiB): DRAM[0m
[0;32mI (615) heap_init: At 3FFE0440 len 00003AE0 (14 KiB): D/IRAM[0m
[0;32mI (622) heap_init: At 3FFE4350 len 0001BCB0 (111 KiB): D/IRAM[0m
[0;32mI (628) heap_init: At 4009DF98 len 00002068 (8 KiB): IRAM[0m
[0;32mI (636) spi_flash: detected chip: generic[0m
[0;32mI (639) spi_flash: flash io: dio[0m
[0;33mW (643) spi_flash: Detected size(4096k) larger than the size in the binary image header(2048k). Using the size in the binary image header.[0m
[0;33mW (656) i2c: This driver is an old driver, please migrate your application code to adapt `driver/i2c_master.h`[0m
[0;32mI (667) coexist: coex firmware version: 994b23e[0m
[0;32mI (673) main_task: Started on CPU0[0m
[0;32mI (683) main_task: Calling app_main()[0m
[0;32mI (713) BTDM_INIT: BT controller compile version [f7360be][0m
[0;32mI (713) BTDM_INIT: Bluetooth MAC: cc:7b:5c:27:ec:d6[0m
[0;32mI (723) phy_init: phy_version 4840,02e0d70,Sep  2 2024,19:39:07[0m
[0;32mI (1373) WIFI_UART: GAP event: 10[0m
[0;32mI (1383) WIFI_UART: Bluetooth ready[0m
[0;32mI (1383) SD_CARD_SPI: Mounting SD card at /data[0m
[0;32mI (1393) gpio: GPIO[5]| InputEn: 0| OutputEn: 1| OpenDrain: 0| Pullup: 0| Pulldown: 0| Intr:0 [0m
[0;32mI (1393) sdspi_transaction: cmd=52, R1 response: command not supported[0m
[0;32mI (1443) sdspi_transaction: cmd=5, R1 response: command not supported[0m
Name: SS08G
Type: SDHC/SDXC
Speed: 20.00 MHz (limit: 20.00 MHz)
Size: 7580MB
CSD: ver=2, sector_size=512, capacity=15523840 read_bl_len=9
SSR: bus_width=1
[0;32mI (1503) gpio: GPIO[0]| InputEn: 1| OutputEn: 0| OpenDrain: 0| Pullup: 1| Pulldown: 0| Intr:0 [0m
[0;32mI (1503) gpio: GPIO[15]| InputEn: 0| OutputEn: 1| OpenDrain: 0| Pullup: 0| Pulldown: 0| Intr:0 [0m
[0;32mI (1513) gpio: GPIO[22]| InputEn: 0| OutputEn: 1| OpenDrain: 0| Pullup: 0| Pulldown: 0| Intr:0 [0m
[0;32mI (1523) MPU6500: Initializating MPU6500[0m
[0;32mI (1533) INMP441_I2S: INMP441 I2S initialized (port 0)[0m
[0;32mI (1533) MAIN: Waiting for Bluetooth WiFi config...[0m
[0;32mI (1543) main_task: Returned from app_main()[0m
Guru Meditation Error: Core  1 panic'ed (InstrFetchProhibited). Exception was unhandled.

Core  1 register dump:
PC      : 0x00000004  PS      : 0x00050033  A0      : 0x00000004  A1      : 0x3ffe2440  
A2      : 0x4000bff0  A3      : 0x00060a30  A4      : 0x80092db5  A5      : 0x3ffe2510  
A6      : 0x00000000  A7      : 0x00060a23  A8      : 0x00060a20  A9      : 0x00060a23  
A10     : 0x00000057  A11     : 0x00000000  A12     : 0x3ff000dc  A13     : 0x00000001  
A14     : 0x3ffbe4a0  A15     : 0xffffffff  SAR     : 0x0000000c  EXCCAUSE: 0x00000014  
EXCVADDR: 0x00000004  LBEG    : 0x0000cdcd  LEND    : 0x00000004  LCOUNT  : 0x00000000  


Backtrace: 0x00000001:0x3ffe2440 0x00000001:0x3ffb6814 |<-CORRUPTED




ELF file SHA256: e6ec36f36

Rebooting...
ets Jul 29 2019 12:21:46

rst:0xc (SW_CPU_RESET),boot:0x17 (SPI_FAST_FLASH_BOOT)
configsip: 0, SPIWP:0xee
clk_drv:0x00,q_drv:0x00,d_drv:0x00,cs0_drv:0x00,hd_drv:0x00,wp_drv:0x00
mode:DIO, clock div:2
load:0x3fff0030,len:7172
load:0x40078000,len:15620
load:0x40080400,len:4
ho 8 tail 4 room 4
load:0x40080404,len:3904
entry 0x40080640
[0;32mI (31) boot: ESP-IDF v5.2.5-dirty 2nd stage bootloader[0m
[0;32mI (31) boot: compile time May 31 2025 03:31:10[0m
[0;32mI (31) boot: Multicore bootloader[0m
[0;32mI (36) boot: chip revision: v3.1[0m
[0;32mI (40) boot.esp32: SPI Speed      : 40MHz[0m
[0;32mI (44) boot.esp32: SPI Mode       : DIO[0m
[0;32mI (49) boot.esp32: SPI Flash Size : 2MB[0m
[0;32mI (53) boot: Enabling RNG early entropy source...[0m
[0;32mI (59) boot: Partition Table:[0m
[0;32mI (62) boot: ## Label            Usage          Type ST Offset   Length[0m
[0;32mI (70) boot:  0 nvs              WiFi data        01 02 00009000 00006000[0m
[0;32mI (77) boot:  1 phy_init         RF data          01 01 0000f000 00001000[0m
[0;32mI (84) boot:  2 factory          factory app      00 00 00010000 00180000[0m
[0;32mI (92) boot: End of partition table[0m
[0;32mI (96) esp_image: segment 0: paddr=00010020 vaddr=3f400020 size=2db50h (187216) map[0m
[0;32mI (169) esp_image: segment 1: paddr=0003db78 vaddr=3ffbdb60 size=024a0h (  9376) load[0m
[0;32mI (173) esp_image: segment 2: paddr=00040020 vaddr=400d0020 size=c4554h (804180) map[0m
[0;32mI (450) esp_image: segment 3: paddr=0010457c vaddr=3ffc0000 size=03c2ch ( 15404) load[0m
[0;32mI (456) esp_image: segment 4: paddr=001081b0 vaddr=40080000 size=1df98h (122776) load[0m
[0;32mI (520) boot: Loaded app from partition at offset 0x10000[0m
[0;32mI (520) boot: Disabling RNG early entropy source...[0m
[0;32mI (531) cpu_start: Multicore app[0m
[0;32mI (540) cpu_start: Pro cpu start user code[0m
[0;32mI (540) cpu_start: cpu freq: 160000000 Hz[0m
[0;32mI (540) cpu_start: Application information:[0m
[0;32mI (543) cpu_start: Project name:     main[0m
[0;32mI (548) cpu_start: App version:      1[0m
[0;32mI (552) cpu_start: Compile time:     May 31 2025 03:31:01[0m
[0;32mI (559) cpu_start: ELF file SHA256:  e6ec36f36...[0m
[0;32mI (564) cpu_start: ESP-IDF:          v5.2.5-dirty[0m
[0;32mI (569) cpu_start: Min chip rev:     v0.0[0m
[0;32mI (574) cpu_start: Max chip rev:     v3.99 [0m
[0;32mI (579) cpu_start: Chip rev:         v3.1[0m
[0;32mI (584) heap_init: Initializing. RAM available for dynamic allocation:[0m
[0;32mI (591) heap_init: At 3FFAFF10 len 000000F0 (0 KiB): DRAM[0m
[0;32mI (597) heap_init: At 3FFB6388 len 00001C78 (7 KiB): DRAM[0m
[0;32mI (603) heap_init: At 3FFB9A20 len 00004108 (16 KiB): DRAM[0m
[0;32mI (609) heap_init: At 3FFCDC98 len 00012368 (72 KiB): DRAM[0m
[0;32mI (615) heap_init: At 3FFE0440 len 00003AE0 (14 KiB): D/IRAM[0m
[0;32mI (622) heap_init: At 3FFE4350 len 0001BCB0 (111 KiB): D/IRAM[0m
[0;32mI (628) heap_init: At 4009DF98 len 00002068 (8 KiB): IRAM[0m
[0;32mI (636) spi_flash: detected chip: generic[0m
[0;32mI (639) spi_flash: flash io: dio[0m
[0;33mW (643) spi_flash: Detected size(4096k) larger than the size in the binary image header(2048k). Using the size in the binary image header.[0m
[0;33mW (656) i2c: This driver is an old driver, please migrate your application code to adapt `driver/i2c_master.h`[0m
[0;32mI (667) coexist: coex firmware version: 994b23e[0m
[0;32mI (673) main_task: Started on CPU0[0m
[0;32mI (683) main_task: Calling app_main()[0m
[0;32mI (713) BTDM_INIT: BT controller compile version [f7360be][0m
[0;32mI (713) BTDM_INIT: Bluetooth MAC: cc:7b:5c:27:ec:d6[0m
[0;32mI (723) phy_init: phy_version 4840,02e0d70,Sep  2 2024,19:39:07[0m
[0;32mI (1363) WIFI_UART: GAP event: 10[0m
[0;32mI (1363) WIFI_UART: Bluetooth ready[0m
[0;32mI (1373) SD_CARD_SPI: Mounting SD card at /data[0m
[0;32mI (1373) gpio: GPIO[5]| InputEn: 0| OutputEn: 1| OpenDrain: 0| Pullup: 0| Pulldown: 0| Intr:0 [0m
[0;32mI (1383) sdspi_transaction: cmd=52, R1 response: command not supported[0m
[0;32mI (1423) sdspi_transaction: cmd=5, R1 response: command not supported[0m
Name: SS08G
Type: SDHC/SDXC
Speed: 20.00 MHz (limit: 20.00 MHz)
Size: 7580MB
CSD: ver=2, sector_size=512, capacity=15523840 read_bl_len=9
SSR: bus_width=1
[0;32mI (1483) gpio: GPIO[0]| InputEn: 1| OutputEn: 0| OpenDrain: 0| Pullup: 1| Pulldown: 0| Intr:0 [0m
[0;32mI (1483) gpio: GPIO[15]| InputEn: 0| OutputEn: 1| OpenDrain: 0| Pullup: 0| Pulldown: 0| Intr:0 [0m
[0;32mI (1493) gpio: GPIO[22]| InputEn: 0| OutputEn: 1| OpenDrain: 0| Pullup: 0| Pulldown: 0| Intr:0 [0m
[0;32mI (1503) MPU6500: Initializating MPU6500[0m
[0;32mI (1513) INMP441_I2S: INMP441 I2S initialized (port 0)[0m
[0;32mI (1513) MAIN: Waiting for Bluetooth WiFi config...[0m
[0;32mI (1523) main_task: Returned from app_main()[0m
Guru Meditation Error: Core  1 panic'ed (InstrFetchProhibited). Exception was unhandled.

Core  1 register dump:
PC      : 0x00000004  PS      : 0x00050033  A0      : 0x00000004  A1      : 0x3ffe2440  
A2      : 0x4000bff0  A3      : 0x00060a30  A4      : 0x80092db5  A5      : 0x3ffe2510  
A6      : 0x00000000  A7      : 0x00060a23  A8      : 0x00060a20  A9      : 0x00060a23  
A10     : 0x00000055  A11     : 0x00000000  A12     : 0x3ff000dc  A13     : 0x00000001  
A14     : 0x3ffbe4a0  A15     : 0xffffffff  SAR     : 0x0000000c  EXCCAUSE: 0x00000014  
EXCVADDR: 0x00000004  LBEG    : 0x0000cdcd  LEND    : 0x00000004  LCOUNT  : 0x00000000  


Backtrace: 0x00000001:0x3ffe2440 0x00000001:0x3ffb6814 |<-CORRUPTED




ELF file SHA256: e6ec36f36

Rebooting...
ets Jul 29 2019 12:21:46

rst:0xc (SW_CPU_RESET),boot:0x17 (SPI_FAST_FLASH_BOOT)
configsip: 0, SPIWP:0xee
clk_drv:0x00,q_drv:0x00,d_drv:0x00,cs0_drv:0x00,hd_drv:0x00,wp_drv:0x00
mode:DIO, clock div:2
load:0x3fff0030,len:7172
load:0x40078000,len:15620
load:0x40080400,len:4
ho 8 tail 4 room 4
load:0x40080404,len:3904
entry 0x40080640
[0;32mI (31) boot: ESP-IDF v5.2.5-dirty 2nd stage bootloader[0m
[0;32mI (31) boot: compile time May 31 2025 03:31:10[0m
[0;32mI (31) boot: Multicore bootloader[0m
[0;32mI (36) boot: chip revision: v3.1[0m
[0;32mI (40) boot.esp32: SPI Speed      : 40MHz[0m
[0;32mI (44) boot.esp32: SPI Mode       : DIO[0m
[0;32mI (49) boot.esp32: SPI Flash Size : 2MB[0m
[0;32mI (53) boot: Enabling RNG early entropy source...[0m
[0;32mI (59) boot: Partition Table:[0m
[0;32mI (62) boot: ## Label            Usage          Type ST Offset   Length[0m
[0;32mI (70) boot:  0 nvs              WiFi data        01 02 00009000 00006000[0m
[0;32mI (77) boot:  1 phy_init         RF data          01 01 0000f000 00001000[0m
[0;32mI (84) boot:  2 factory          factory app      00 00 00010000 00180000[0m
[0;32mI (92) boot: End of partition table[0m
[0;32mI (96) esp_image: segment 0: paddr=00010020 vaddr=3f400020 size=2db50h (187216) map[0m
[0;32mI (169) esp_image: segment 1: paddr=0003db78 vaddr=3ffbdb60 size=024a0h (  9376) load[0m
[0;32mI (173) esp_image: segment 2: paddr=00040020 vaddr=400d0020 size=c4554h (804180) map[0m
[0;32mI (450) esp_image: segment 3: paddr=0010457c vaddr=3ffc0000 size=03c2ch ( 15404) load[0m
[0;32mI (456) esp_image: segment 4: paddr=001081b0 vaddr=40080000 size=1df98h (122776) load[0m
[0;32mI (520) boot: Loaded app from partition at offset 0x10000[0m
[0;32mI (520) boot: Disabling RNG early entropy source...[0m
[0;32mI (531) cpu_start: Multicore app[0m
[0;32mI (540) cpu_start: Pro cpu start user code[0m
[0;32mI (540) cpu_start: cpu freq: 160000000 Hz[0m
[0;32mI (540) cpu_start: Application information:[0m
[0;32mI (543) cpu_start: Project name:     main[0m
[0;32mI (548) cpu_start: App version:      1[0m
[0;32mI (553) cpu_start: Compile time:     May 31 2025 03:31:01[0m
[0;32mI (559) cpu_start: ELF file SHA256:  e6ec36f36...[0m
[0;32mI (564) cpu_start: ESP-IDF:          v5.2.5-dirty[0m
[0;32mI (569) cpu_start: Min chip rev:     v0.0[0m
[0;32mI (574) cpu_start: Max chip rev:     v3.99 [0m
[0;32mI (579) cpu_start: Chip rev:         v3.1[0m
[0;32mI (584) heap_init: Initializing. RAM available for dynamic allocation:[0m
[0;32mI (591) heap_init: At 3FFAFF10 len 000000F0 (0 KiB): DRAM[0m
[0;32mI (597) heap_init: At 3FFB6388 len 00001C78 (7 KiB): DRAM[0m
[0;32mI (603) heap_init: At 3FFB9A20 len 00004108 (16 KiB): DRAM[0m
[0;32mI (609) heap_init: At 3FFCDC98 len 00012368 (72 KiB): DRAM[0m
[0;32mI (615) heap_init: At 3FFE0440 len 00003AE0 (14 KiB): D/IRAM[0m
[0;32mI (622) heap_init: At 3FFE4350 len 0001BCB0 (111 KiB): D/IRAM[0m
[0;32mI (628) heap_init: At 4009DF98 len 00002068 (8 KiB): IRAM[0m
[0;32mI (636) spi_flash: detected chip: generic[0m
[0;32mI (639) spi_flash: flash io: dio[0m
[0;33mW (643) spi_flash: Detected size(4096k) larger than the size in the binary image header(2048k). Using the size in the binary image header.[0m
[0;33mW (656) i2c: This driver is an old driver, please migrate your application code to adapt `driver/i2c_master.h`[0m
[0;32mI (667) coexist: coex firmware version: 994b23e[0m
[0;32mI (673) main_task: Started on CPU0[0m
[0;32mI (683) main_task: Calling app_main()[0m
[0;32mI (713) BTDM_INIT: BT controller compile version [f7360be][0m
[0;32mI (713) BTDM_INIT: Bluetooth MAC: cc:7b:5c:27:ec:d6[0m
[0;32mI (723) phy_init: phy_version 4840,02e0d70,Sep  2 2024,19:39:07[0m
[0;32mI (803) phy_init: Saving new calibration data due to checksum failure or outdated calibration data, mode(0)[0m
[0;32mI (1403) WIFI_UART: GAP event: 10[0m
[0;32mI (1403) WIFI_UART: Bluetooth ready[0m
[0;32mI (1413) SD_CARD_SPI: Mounting SD card at /data[0m
[0;32mI (1423) gpio: GPIO[5]| InputEn: 0| OutputEn: 1| OpenDrain: 0| Pullup: 0| Pulldown: 0| Intr:0 [0m
[0;32mI (1423) sdspi_transaction: cmd=52, R1 response: command not supported[0m
[0;32mI (1473) sdspi_transaction: cmd=5, R1 response: command not supported[0m
Name: SS08G
Type: SDHC/SDXC
Speed: 20.00 MHz (limit: 20.00 MHz)
Size: 7580MB
CSD: ver=2, sector_size=512, capacity=15523840 read_bl_len=9
SSR: bus_width=1
[0;32mI (1533) gpio: GPIO[0]| InputEn: 1| OutputEn: 0| OpenDrain: 0| Pullup: 1| Pulldown: 0| Intr:0 [0m
[0;32mI (1533) gpio: GPIO[15]| InputEn: 0| OutputEn: 1| OpenDrain: 0| Pullup: 0| Pulldown: 0| Intr:0 [0m
[0;32mI (1543) gpio: GPIO[22]| InputEn: 0| OutputEn: 1| OpenDrain: 0| Pullup: 0| Pulldown: 0| Intr:0 [0m
[0;32mI (1553) MPU6500: Initializating MPU6500[0m
[0;32mI (1563) INMP441_I2S: INMP441 I2S initialized (port 0)[0m
[0;32mI (1563) MAIN: Waiting for Bluetooth WiFi config...[0m
[0;32mI (1573) main_task: Returned from app_main()[0m
Guru Meditation Error: Core  1 panic'ed (InstrFetchProhibited). Exception was unhandled.

Core  1 register dump:
PC      : 0x00000004  PS      : 0x00050033  A0      : 0x00000004  A1      : 0x3ffe2440  
A2      : 0x4000bff0  A3      : 0x00060a30  A4      : 0x80092db5  A5      : 0x3ffe2510  
A6      : 0x00000000  A7      : 0x00060a23  A8      : 0x00060a20  A9      : 0x00060a23  
A10     : 0x0000005a  A11     : 0x00000000  A12     : 0x3ff000dc  A13     : 0x00000001  
A14     : 0x3ffbe4a0  A15     : 0xffffffff  SAR     : 0x0000000c  EXCCAUSE: 0x00000014  
EXCVADDR: 0x00000004  LBEG    : 0x0000cdcd  LEND    : 0x00000004  LCOUNT  : 0x00000000  


Backtrace: 0x00000001:0x3ffe2440 0x00000001:0x3ffb6814 |<-CORRUPTED




ELF file SHA256: e6ec36f36

Rebooting...
ets Jul 29 2019 12:21:46

rst:0xc (SW_CPU_RESET),boot:0x17 (SPI_FAST_FLASH_BOOT)
configsip: 0, SPIWP:0xee
clk_drv:0x00,q_drv:0x00,d_drv:0x00,cs0_drv:0x00,hd_drv:0x00,wp_drv:0x00
mode:DIO, clock div:2
load:0x3fff0030,len:7172
load:0x40078000,len:15620
load:0x40080400,len:4
ho 8 tail 4 room 4
load:0x40080404,len:3904
entry 0x40080640
[0;32mI (31) boot: ESP-IDF v5.2.5-dirty 2nd stage bootloader[0m
[0;32mI (31) boot: compile time May 31 2025 03:31:10[0m
[0;32mI (31) boot: Multicore bootloader[0m
[0;32mI (36) boot: chip revision: v3.1[0m
[0;32mI (40) boot.esp32: SPI Speed      : 40MHz[0m
[0;32mI (44) boot.esp32: SPI Mode       : DIO[0m
[0;32mI (49) boot.esp32: SPI Flash Size : 2MB[0m
[0;32mI (53) boot: Enabling RNG early entropy source...[0m
[0;32mI (59) boot: Partition Table:[0m
[0;32mI (62) boot: ## Label            Usage          Type ST Offset   Length[0m
[0;32mI (70) boot:  0 nvs              WiFi data        01 02 00009000 00006000[0m
[0;32mI (77) boot:  1 phy_init         RF data          01 01 0000f000 00001000[0m
[0;32mI (84) boot:  2 factory          factory app      00 00 00010000 00180000[0m
[0;32mI (92) boot: End of partition table[0m
[0;32mI (96) esp_image: segment 0: paddr=00010020 vaddr=3f400020 size=2db50h (187216) map[0m
[0;32mI (169) esp_image: segment 1: paddr=0003db78 vaddr=3ffbdb60 size=024a0h (  9376) load[0m
[0;32mI (173) esp_image: segment 2: paddr=00040020 vaddr=400d0020 size=c4554h (804180) map[0m
[0;32mI (450) esp_image: segment 3: paddr=0010457c vaddr=3ffc0000 size=03c2ch ( 15404) load[0m
[0;32mI (456) esp_image: segment 4: paddr=001081b0 vaddr=40080000 size=1df98h (122776) load[0m
[0;32mI (520) boot: Loaded app from partition at offset 0x10000[0m
[0;32mI (520) boot: Disabling RNG early entropy source...[0m
[0;32mI (531) cpu_start: Multicore app[0m
[0;32mI (540) cpu_start: Pro cpu start user code[0m
[0;32mI (540) cpu_start: cpu freq: 160000000 Hz[0m
[0;32mI (540) cpu_start: Application information:[0m
[0;32mI (543) cpu_start: Project name:     main[0m
[0;32mI (548) cpu_start: App version:      1[0m
[0;32mI (553) cpu_start: Compile time:     May 31 2025 03:31:01[0m
[0;32mI (559) cpu_start: ELF file SHA256:  e6ec36f36...[0m
[0;32mI (564) cpu_start: ESP-IDF:          v5.2.5-dirty[0m
[0;32mI (569) cpu_start: Min chip rev:     v0.0[0m
[0;32mI (574) cpu_start: Max chip rev:     v3.99 [0m
[0;32mI (579) cpu_start: Chip rev:         v3.1[0m
[0;32mI (584) heap_init: Initializing. RAM available for dynamic allocation:[0m
[0;32mI (591) heap_init: At 3FFAFF10 len 000000F0 (0 KiB): DRAM[0m
[0;32mI (597) heap_init: At 3FFB6388 len 00001C78 (7 KiB): DRAM[0m
[0;32mI (603) heap_init: At 3FFB9A20 len 00004108 (16 KiB): DRAM[0m
[0;32mI (609) heap_init: At 3FFCDC98 len 00012368 (72 KiB): DRAM[0m
[0;32mI (615) heap_init: At 3FFE0440 len 00003AE0 (14 KiB): D/IRAM[0m
[0;32mI (622) heap_init: At 3FFE4350 len 0001BCB0 (111 KiB): D/IRAM[0m
[0;32mI (628) heap_init: At 4009DF98 len 00002068 (8 KiB): IRAM[0m
[0;32mI (636) spi_flash: detected chip: generic[0m
[0;32mI (639) spi_flash: flash io: dio[0m
[0;33mW (643) spi_flash: Detected size(4096k) larger than the size in the binary image header(2048k). Using the size in the binary image header.[0m
[0;33mW (656) i2c: This driver is an old driver, please migrate your application code to adapt `driver/i2c_master.h`[0m
[0;32mI (667) coexist: coex firmware version: 994b23e[0m
[0;32mI (673) main_task: Started on CPU0[0m
[0;32mI (683) main_task: Calling app_main()[0m
[0;32mI (713) BTDM_INIT: BT controller compile version [f7360be][0m
[0;32mI (713) BTDM_INIT: Bluetooth MAC: cc:7b:5c:27:ec:d6[0m
[0;32mI (723) phy_init: phy_version 4840,02e0d70,Sep  2 2024,19:39:07[0m
[0;32mI (1353) WIFI_UART: GAP event: 10[0m
[0;32mI (1363) WIFI_UART: Bluetooth ready[0m
[0;32mI (1373) SD_CARD_SPI: Mounting SD card at /data[0m
[0;32mI (1373) gpio: GPIO[5]| InputEn: 0| OutputEn: 1| OpenDrain: 0| Pullup: 0| Pulldown: 0| Intr:0 [0m
[0;32mI (1373) sdspi_transaction: cmd=52, R1 response: command not supported[0m
[0;32mI (1423) sdspi_transaction: cmd=5, R1 response: command not supported[0m
Name: SS08G
Type: SDHC/SDXC
Speed: 20.00 MHz (limit: 20.00 MHz)
Size: 7580MB
CSD: ver=2, sector_size=512, capacity=15523840 read_bl_len=9
SSR: bus_width=1
[0;32mI (1483) gpio: GPIO[0]| InputEn: 1| OutputEn: 0| OpenDrain: 0| Pullup: 1| Pulldown: 0| Intr:0 [0m
[0;32mI (1483) gpio: GPIO[15]| InputEn: 0| OutputEn: 1| OpenDrain: 0| Pullup: 0| Pulldown: 0| Intr:0 [0m
[0;32mI (1493) gpio: GPIO[22]| InputEn: 0| OutputEn: 1| OpenDrain: 0| Pullup: 0| Pulldown: 0| Intr:0 [0m
[0;32mI (1503) MPU6500: Initializating MPU6500[0m
[0;32mI (1513) INMP441_I2S: INMP441 I2S initialized (port 0)[0m
[0;32mI (1513) MAIN: Waiting for Bluetooth WiFi config...[0m
[0;32mI (1523) main_task: Returned from app_main()[0m
Guru Meditation Error: Core  1 panic'ed (InstrFetchProhibited). Exception was unhandled.

Core  1 register dump:
PC      : 0x00000004  PS      : 0x00050033  A0      : 0x00000004  A1      : 0x3ffe2440  
A2      : 0x4000bff0  A3      : 0x00060a30  A4      : 0x80092db5  A5      : 0x3ffe2510  
A6      : 0x00000000  A7      : 0x00060a23  A8      : 0x00060a20  A9      : 0x00060a23  
A10     : 0x00000055  A11     : 0x00000000  A12     : 0x3ff000dc  A13     : 0x00000001  
A14     : 0x3ffbe4a0  A15     : 0xffffffff  SAR     : 0x0000000c  EXCCAUSE: 0x00000014  
EXCVADDR: 0x00000004  LBEG    : 0x0000cdcd  LEND    : 0x00000004  LCOUNT  : 0x00000000  


Backtrace: 0x00000001:0x3ffe2440 0x00000001:0x3ffb6814 |<-CORRUPTED




ELF file SHA256: e6ec36f36

Rebooting...
ets Jul 29 2019 12:21:46

rst:0xc (SW_CPU_RESET),boot:0x17 (SPI_FAST_FLASH_BOOT)
configsip: 0, SPIWP:0xee
clk_drv:0x00,q_drv:0x00,d_drv:0x00,cs0_drv:0x00,hd_drv:0x00,wp_drv:0x00
mode:DIO, clock div:2
load:0x3fff0030,len:7172
load:0x40078000,len:15620
load:0x40080400,len:4
ho 8 tail 4 room 4
load:0x40080404,len:3904
entry 0x40080640
[0;32mI (31) boot: ESP-IDF v5.2.5-dirty 2nd stage bootloader[0m
[0;32mI (31) boot: compile time May 31 2025 03:31:10[0m
[0;32mI (31) boot: Multicore bootloader[0m
[0;32mI (36) boot: chip revision: v3.1[0m
[0;32mI (40) boot.esp32: SPI Speed      : 40MHz[0m
[0;32mI (44) boot.esp32: SPI Mode       : DIO[0m
[0;32mI (49) boot.esp32: SPI Flash Size : 2MB[0m
[0;32mI (53) boot: Enabling RNG early entropy source...[0m
[0;32mI (59) boot: Partition Table:[0m
[0;32mI (62) boot: ## Label            Usage          Type ST Offset   Length[0m
[0;32mI (70) boot:  0 nvs              WiFi data        01 02 00009000 00006000[0m
[0;32mI (77) boot:  1 phy_init         RF data          01 01 0000f000 00001000[0m
[0;32mI (84) boot:  2 factory          factory app      00 00 00010000 00180000[0m
[0;32mI (92) boot: End of partition table[0m
[0;32mI (96) esp_image: segment 0: paddr=00010020 vaddr=3f400020 size=2db50h (187216) map[0m
[0;32mI (169) esp_image: segment 1: paddr=0003db78 vaddr=3ffbdb60 size=024a0h (  9376) load[0m
[0;32mI (173) esp_image: segment 2: paddr=00040020 vaddr=400d0020 size=c4554h (804180) map[0m
[0;32mI (450) esp_image: segment 3: paddr=0010457c vaddr=3ffc0000 size=03c2ch ( 15404) load[0m
[0;32mI (456) esp_image: segment 4: paddr=001081b0 vaddr=40080000 size=1df98h (122776) load[0m
[0;32mI (520) boot: Loaded app from partition at offset 0x10000[0m
[0;32mI (520) boot: Disabling RNG early entropy source...[0m
[0;32mI (531) cpu_start: Multicore app[0m
[0;32mI (540) cpu_start: Pro cpu start user code[0m
[0;32mI (540) cpu_start: cpu freq: 160000000 Hz[0m
[0;32mI (540) cpu_start: Application information:[0m
[0;32mI (543) cpu_start: Project name:     main[0m
[0;32mI (548) cpu_start: App version:      1[0m
[0;32mI (552) cpu_start: Compile time:     May 31 2025 03:31:01[0m
[0;32mI (559) cpu_start: ELF file SHA256:  e6ec36f36...[0m
[0;32mI (564) cpu_start: ESP-IDF:          v5.2.5-dirty[0m
[0;32mI (569) cpu_start: Min chip rev:     v0.0[0m
[0;32mI (574) cpu_start: Max chip rev:     v3.99 [0m
[0;32mI (579) cpu_start: Chip rev:         v3.1[0m
[0;32mI (584) heap_init: Initializing. RAM available for dynamic allocation:[0m
[0;32mI (591) heap_init: At 3FFAFF10 len 000000F0 (0 KiB): DRAM[0m
